Archive member included to satisfy reference by file (symbol)

/Applications/MCUXpressoIDE_11.0.0_2516/ide/plugins/com.nxp.mcuxpresso.tools.macosx_11.0.0.201905131304/tools/bin/../lib/gcc/arm-none-eabi/8.2.1/../../../../arm-none-eabi/lib/thumb/v7e-m+fp/hard/libcr_semihost_nf.a(_cr__main.o)
                              ./startup/startup_mk66f18.o (__main)
/Applications/MCUXpressoIDE_11.0.0_2516/ide/plugins/com.nxp.mcuxpresso.tools.macosx_11.0.0.201905131304/tools/bin/../lib/gcc/arm-none-eabi/8.2.1/../../../../arm-none-eabi/lib/thumb/v7e-m+fp/hard/libcr_semihost_nf.a(_cr_assert.o)
                              ./utilities/fsl_debug_console.o (__assertion_failed)
/Applications/MCUXpressoIDE_11.0.0_2516/ide/plugins/com.nxp.mcuxpresso.tools.macosx_11.0.0.201905131304/tools/bin/../lib/gcc/arm-none-eabi/8.2.1/../../../../arm-none-eabi/lib/thumb/v7e-m+fp/hard/libcr_semihost_nf.a(__ciob.o)
                              /Applications/MCUXpressoIDE_11.0.0_2516/ide/plugins/com.nxp.mcuxpresso.tools.macosx_11.0.0.201905131304/tools/bin/../lib/gcc/arm-none-eabi/8.2.1/../../../../arm-none-eabi/lib/thumb/v7e-m+fp/hard/libcr_semihost_nf.a(_cr_assert.o) (__Ciob)
/Applications/MCUXpressoIDE_11.0.0_2516/ide/plugins/com.nxp.mcuxpresso.tools.macosx_11.0.0.201905131304/tools/bin/../lib/gcc/arm-none-eabi/8.2.1/../../../../arm-none-eabi/lib/thumb/v7e-m+fp/hard/libcr_semihost_nf.a(__sys_appexit.o)
                              /Applications/MCUXpressoIDE_11.0.0_2516/ide/plugins/com.nxp.mcuxpresso.tools.macosx_11.0.0.201905131304/tools/bin/../lib/gcc/arm-none-eabi/8.2.1/../../../../arm-none-eabi/lib/thumb/v7e-m+fp/hard/libcr_semihost_nf.a(_cr_assert.o) (__sys_appexit)
/Applications/MCUXpressoIDE_11.0.0_2516/ide/plugins/com.nxp.mcuxpresso.tools.macosx_11.0.0.201905131304/tools/bin/../lib/gcc/arm-none-eabi/8.2.1/../../../../arm-none-eabi/lib/thumb/v7e-m+fp/hard/libcr_c.a(memcpy.o)
                              ./drivers/fsl_ftfx_cache.o (memcpy)
/Applications/MCUXpressoIDE_11.0.0_2516/ide/plugins/com.nxp.mcuxpresso.tools.macosx_11.0.0.201905131304/tools/bin/../lib/gcc/arm-none-eabi/8.2.1/../../../../arm-none-eabi/lib/thumb/v7e-m+fp/hard/libcr_c.a(memset.o)
                              ./utilities/fsl_debug_console.o (memset)
/Applications/MCUXpressoIDE_11.0.0_2516/ide/plugins/com.nxp.mcuxpresso.tools.macosx_11.0.0.201905131304/tools/bin/../lib/gcc/arm-none-eabi/8.2.1/../../../../arm-none-eabi/lib/thumb/v7e-m+fp/hard/libcr_c.a(_deferredlazyseek.o)
                              /Applications/MCUXpressoIDE_11.0.0_2516/ide/plugins/com.nxp.mcuxpresso.tools.macosx_11.0.0.201905131304/tools/bin/../lib/gcc/arm-none-eabi/8.2.1/../../../../arm-none-eabi/lib/thumb/v7e-m+fp/hard/libcr_semihost_nf.a(_cr_assert.o) (__flsbuf)
/Applications/MCUXpressoIDE_11.0.0_2516/ide/plugins/com.nxp.mcuxpresso.tools.macosx_11.0.0.201905131304/tools/bin/../lib/gcc/arm-none-eabi/8.2.1/../../../../arm-none-eabi/lib/thumb/v7e-m+fp/hard/libcr_c.a(_fflush.o)
                              /Applications/MCUXpressoIDE_11.0.0_2516/ide/plugins/com.nxp.mcuxpresso.tools.macosx_11.0.0.201905131304/tools/bin/../lib/gcc/arm-none-eabi/8.2.1/../../../../arm-none-eabi/lib/thumb/v7e-m+fp/hard/libcr_c.a(_deferredlazyseek.o) (_fflush)
/Applications/MCUXpressoIDE_11.0.0_2516/ide/plugins/com.nxp.mcuxpresso.tools.macosx_11.0.0.201905131304/tools/bin/../lib/gcc/arm-none-eabi/8.2.1/../../../../arm-none-eabi/lib/thumb/v7e-m+fp/hard/libcr_c.a(_writebuf.o)
                              /Applications/MCUXpressoIDE_11.0.0_2516/ide/plugins/com.nxp.mcuxpresso.tools.macosx_11.0.0.201905131304/tools/bin/../lib/gcc/arm-none-eabi/8.2.1/../../../../arm-none-eabi/lib/thumb/v7e-m+fp/hard/libcr_c.a(_deferredlazyseek.o) (_Cwritebuf)
/Applications/MCUXpressoIDE_11.0.0_2516/ide/plugins/com.nxp.mcuxpresso.tools.macosx_11.0.0.201905131304/tools/bin/../lib/gcc/arm-none-eabi/8.2.1/../../../../arm-none-eabi/lib/thumb/v7e-m+fp/hard/libcr_c.a(alloc.o)
                              ./drivers/fsl_common.o (malloc)
/Applications/MCUXpressoIDE_11.0.0_2516/ide/plugins/com.nxp.mcuxpresso.tools.macosx_11.0.0.201905131304/tools/bin/../lib/gcc/arm-none-eabi/8.2.1/../../../../arm-none-eabi/lib/thumb/v7e-m+fp/hard/libcr_c.a(fputs.o)
                              /Applications/MCUXpressoIDE_11.0.0_2516/ide/plugins/com.nxp.mcuxpresso.tools.macosx_11.0.0.201905131304/tools/bin/../lib/gcc/arm-none-eabi/8.2.1/../../../../arm-none-eabi/lib/thumb/v7e-m+fp/hard/libcr_semihost_nf.a(_cr_assert.o) (fputs)
/Applications/MCUXpressoIDE_11.0.0_2516/ide/plugins/com.nxp.mcuxpresso.tools.macosx_11.0.0.201905131304/tools/bin/../lib/gcc/arm-none-eabi/8.2.1/../../../../arm-none-eabi/lib/thumb/v7e-m+fp/hard/libcr_c.a(fseek.o)
                              /Applications/MCUXpressoIDE_11.0.0_2516/ide/plugins/com.nxp.mcuxpresso.tools.macosx_11.0.0.201905131304/tools/bin/../lib/gcc/arm-none-eabi/8.2.1/../../../../arm-none-eabi/lib/thumb/v7e-m+fp/hard/libcr_c.a(_deferredlazyseek.o) (fseek)
[...]
Memory Configuration

Name             Origin             Length             Attributes
PROGRAM_FLASH    0x0000000000000000 0x0000000000200000 xr
SRAM_UPPER       0x0000000020000000 0x0000000000030000 xrw
SRAM_LOWER       0x000000001fff0000 0x0000000000010000 xrw
FLEX_RAM         0x0000000014000000 0x0000000000001000 xrw
*default*        0x0000000000000000 0xffffffffffffffff

Linker script and memory map

LOAD ./utilities/fsl_assert.o
LOAD ./utilities/fsl_debug_console.o
LOAD ./utilities/fsl_str.o
LOAD ./startup/startup_mk66f18.o
LOAD ./source/dspi_edma_b2b_transfer_master.o
LOAD ./source/semihost_hardfault.o
LOAD ./drivers/fsl_clock.o
LOAD ./drivers/fsl_common.o
LOAD ./drivers/fsl_dmamux.o
LOAD ./drivers/fsl_dspi.o
LOAD ./drivers/fsl_dspi_edma.o
LOAD ./drivers/fsl_edma.o
LOAD ./drivers/fsl_ftfx_cache.o
LOAD ./drivers/fsl_ftfx_controller.o
LOAD ./drivers/fsl_ftfx_flash.o
LOAD ./drivers/fsl_ftfx_flexnvm.o
LOAD ./drivers/fsl_gpio.o
LOAD ./drivers/fsl_lpuart.o
LOAD ./drivers/fsl_smc.o
LOAD ./drivers/fsl_uart.o
LOAD ./device/system_MK66F18.o
LOAD ./component/uart/uart_adapter.o
LOAD ./component/serial_manager/serial_manager.o
LOAD ./component/serial_manager/serial_port_uart.o
LOAD ./component/lists/generic_list.o
LOAD ./board/board.o
LOAD ./board/clock_config.o
LOAD ./board/pin_mux.o
START GROUP
LOAD /Applications/MCUXpressoIDE_11.0.0_2516/ide/plugins/com.nxp.mcuxpresso.tools.macosx_11.0.0.201905131304/tools/bin/../lib/gcc/arm-none-eabi/8.2.1/../../../../arm-none-eabi/lib/thumb/v7e-m+fp/hard/libcr_semihost_nf.a
LOAD /Applications/MCUXpressoIDE_11.0.0_2516/ide/plugins/com.nxp.mcuxpresso.tools.macosx_11.0.0.201905131304/tools/bin/../lib/gcc/arm-none-eabi/8.2.1/../../../../arm-none-eabi/lib/thumb/v7e-m+fp/hard/libcr_c.a
LOAD /Applications/MCUXpressoIDE_11.0.0_2516/ide/plugins/com.nxp.mcuxpresso.tools.macosx_11.0.0.201905131304/tools/bin/../lib/gcc/arm-none-eabi/8.2.1/thumb/v7e-m+fp/hard/libcr_eabihelpers.a
LOAD /Applications/MCUXpressoIDE_11.0.0_2516/ide/plugins/com.nxp.mcuxpresso.tools.macosx_11.0.0.201905131304/tools/bin/../lib/gcc/arm-none-eabi/8.2.1/thumb/v7e-m+fp/hard/libgcc.a
END GROUP
                0x0000000000000000                __base_PROGRAM_FLASH = 0x0
                0x0000000000000000                __base_Flash = 0x0
                0x0000000000200000                __top_PROGRAM_FLASH = 0x200000
                0x0000000000200000                __top_Flash = 0x200000
                0x0000000020000000                __base_SRAM_UPPER = 0x20000000
                0x0000000020000000                __base_RAM = 0x20000000
                0x0000000020030000                __top_SRAM_UPPER = 0x20030000
                0x0000000020030000                __top_RAM = 0x20030000
                0x000000001fff0000                __base_SRAM_LOWER = 0x1fff0000
                0x000000001fff0000                __base_RAM2 = 0x1fff0000
                0x0000000020000000                __top_SRAM_LOWER = 0x20000000
                0x0000000020000000                __top_RAM2 = 0x20000000
                0x0000000014000000                __base_FLEX_RAM = 0x14000000
                0x0000000014000000                __base_RAM3 = 0x14000000
                0x0000000014001000                __top_FLEX_RAM = 0x14001000
                0x0000000014001000                __top_RAM3 = 0x14001000

.text           0x0000000000000000     0x8568
 FILL mask 0xff
                0x0000000000000000                __vectors_start__ = ABSOLUTE (.)
 *(SORT_BY_ALIGNMENT(.isr_vector))
 .isr_vector    0x0000000000000000      0x1d0 ./startup/startup_mk66f18.o
                0x0000000000000000                __Vectors
                0x0000000000000000                g_pfnVectors
                0x00000000000001d0                . = ALIGN (0x4)
                0x00000000000001d0                __section_table_start = .
                0x00000000000001d0                __data_section_table = .
                0x00000000000001d0        0x4 LONG 0x8568 LOADADDR (.data)
                0x00000000000001d4        0x4 LONG 0x20000000 ADDR (.data)
                0x00000000000001d8        0x4 LONG 0x10 SIZEOF (.data)
                0x00000000000001dc        0x4 LONG 0x8568 LOADADDR (.data_RAM2)
                0x00000000000001e0        0x4 LONG 0x1fff0000 ADDR (.data_RAM2)
                0x00000000000001e4        0x4 LONG 0x0 SIZEOF (.data_RAM2)
                0x00000000000001e8        0x4 LONG 0x8568 LOADADDR (.data_RAM3)
                0x00000000000001ec        0x4 LONG 0x14000000 ADDR (.data_RAM3)
                0x00000000000001f0        0x4 LONG 0x0 SIZEOF (.data_RAM3)
                0x00000000000001f4                __data_section_table_end = .
                0x00000000000001f4                __bss_section_table = .
                0x00000000000001f4        0x4 LONG 0x20000010 ADDR (.bss)
                0x00000000000001f8        0x4 LONG 0x4ed0 SIZEOF (.bss)
                0x00000000000001fc        0x4 LONG 0x1fff0000 ADDR (.bss_RAM2)
                0x0000000000000200        0x4 LONG 0x0 SIZEOF (.bss_RAM2)
                0x0000000000000204        0x4 LONG 0x14000000 ADDR (.bss_RAM3)
                0x0000000000000208        0x4 LONG 0x0 SIZEOF (.bss_RAM3)
                0x000000000000020c                __bss_section_table_end = .
                0x000000000000020c                __section_table_end = .
 *(SORT_BY_ALIGNMENT(.after_vectors*))
 .after_vectors.reset
                0x000000000000020c       0x4c ./startup/startup_mk66f18.o
                0x000000000000020c                ResetISR
 .after_vectors.init_data
                0x0000000000000258       0x1e ./startup/startup_mk66f18.o
                0x0000000000000258                data_init
 .after_vectors.init_bss
                0x0000000000000276       0x12 ./startup/startup_mk66f18.o
                0x0000000000000276                bss_init
 .after_vectors
                0x0000000000000288       0x14 ./startup/startup_mk66f18.o
                0x0000000000000288                NMI_Handler
                0x000000000000028c                MemManage_Handler
                0x000000000000028e                BusFault_Handler
                0x0000000000000290                UsageFault_Handler
                0x0000000000000292                SVC_Handler
                0x0000000000000294                DebugMon_Handler
                0x0000000000000296                PendSV_Handler
                0x000000000000029a                TPM2_DriverIRQHandler
                0x000000000000029a                SDHC_DriverIRQHandler
                0x000000000000029a                I2C3_DriverIRQHandler
                0x000000000000029a                I2S0_Tx_DriverIRQHandler
                0x000000000000029a                TSI0_DriverIRQHandler
                0x000000000000029a                RTC_Seconds_DriverIRQHandler
                0x000000000000029a                CMP3_DriverIRQHandler
                0x000000000000029a                LLWU_DriverIRQHandler
                0x000000000000029a                MCM_DriverIRQHandler
                0x000000000000029a                MCG_DriverIRQHandler
                0x000000000000029a                ENET_1588_Timer_DriverIRQHandler
                0x000000000000029a                I2C2_DriverIRQHandler
                0x000000000000029a                DAC1_DriverIRQHandler
                0x000000000000029a                CMP1_DriverIRQHandler
                0x000000000000029a                USBHSDCD_DriverIRQHandler
                0x000000000000029a                FTM0_DriverIRQHandler
                0x000000000000029a                IntDefaultHandler
                0x000000000000029a                USB0_DriverIRQHandler
                0x000000000000029a                PORTC_DriverIRQHandler
                0x000000000000029a                DAC0_DriverIRQHandler
                0x000000000000029a                CMP2_DriverIRQHandler
                0x000000000000029a                UART2_ERR_DriverIRQHandler
                0x000000000000029a                LVD_LVW_DriverIRQHandler
                0x000000000000029a                Reserved84_DriverIRQHandler
                0x000000000000029a                PIT0_DriverIRQHandler
                0x000000000000029a                RNG_DriverIRQHandler
                0x000000000000029a                USBDCD_DriverIRQHandler
                0x000000000000029a                UART3_ERR_DriverIRQHandler
                0x000000000000029a                UART0_ERR_DriverIRQHandler
                0x000000000000029a                CMT_DriverIRQHandler
                0x000000000000029a                Reserved71_DriverIRQHandler
                0x000000000000029a                ADC1_DriverIRQHandler
                0x000000000000029a                PORTA_DriverIRQHandler
                0x000000000000029a                PIT3_DriverIRQHandler
                0x000000000000029a                PIT1_DriverIRQHandler
                0x000000000000029a                TPM1_DriverIRQHandler
                0x000000000000029a                WDOG_EWM_DriverIRQHandler
                0x000000000000029a                PDB0_DriverIRQHandler
                0x000000000000029a                RTC_DriverIRQHandler
                0x000000000000029a                I2S0_Rx_DriverIRQHandler
                0x000000000000029a                Read_Collision_DriverIRQHandler
                0x000000000000029a                SWI_DriverIRQHandler
                0x000000000000029a                UART4_ERR_DriverIRQHandler
                0x000000000000029a                I2C1_DriverIRQHandler
                0x000000000000029a                ENET_Receive_DriverIRQHandler
                0x000000000000029a                ENET_Error_DriverIRQHandler
                0x000000000000029a                Reserved85_DriverIRQHandler
                0x000000000000029a                ADC0_DriverIRQHandler
                0x000000000000029a                USBHS_DriverIRQHandler
                0x000000000000029a                CMP0_DriverIRQHandler
                0x000000000000029a                CAN0_DriverIRQHandler
                0x000000000000029a                FTM3_DriverIRQHandler
                0x000000000000029a                UART1_ERR_DriverIRQHandler
                0x000000000000029a                ENET_Transmit_DriverIRQHandler
                0x000000000000029a                PORTD_DriverIRQHandler
                0x000000000000029a                Reserved46_DriverIRQHandler
                0x000000000000029a                PORTE_DriverIRQHandler
                0x000000000000029a                FTFE_DriverIRQHandler
                0x000000000000029a                I2C0_DriverIRQHandler
                0x000000000000029a                CAN1_DriverIRQHandler
                0x000000000000029a                PORTB_DriverIRQHandler
                0x000000000000029a                LPTMR0_DriverIRQHandler
                0x000000000000029a                DMA_Error_DriverIRQHandler
                0x000000000000029a                FTM1_DriverIRQHandler
                0x000000000000029a                FTM2_DriverIRQHandler
                0x000000000000029a                PIT2_DriverIRQHandler
                0x0000000000000400                . = 0x400
 *fill*         0x000000000000029c      0x164 ff
                0x0000000000000400                PROVIDE (__FLASH_CONFIG_START__ = .)
 *(SORT_BY_ALIGNMENT(.FlashConfig))
 .FlashConfig   0x0000000000000400       0x10 ./startup/startup_mk66f18.o
                0x0000000000000400                Flash_Config
                0x0000000000000410                PROVIDE (__FLASH_CONFIG_END__ = .)
                0x0000000000000001                ASSERT (! ((__FLASH_CONFIG_START__ == __FLASH_CONFIG_END__)), Linker Flash Config Support Enabled, but no .FlashConfig section provided within application)
 *(SORT_BY_ALIGNMENT(.text*))
 .text.DbgConsole_Init
                0x0000000000000410       0xf8 ./utilities/fsl_debug_console.o
                0x0000000000000410                DbgConsole_Init
 .text.__NVIC_SetPriority
                0x0000000000000508       0x54 ./source/dspi_edma_b2b_transfer_master.o
 .text.SysTick_Config
                0x000000000000055c       0x44 ./source/dspi_edma_b2b_transfer_master.o
 .text.DMAMUX_EnableChannel
                0x00000000000005a0       0x3c ./source/dspi_edma_b2b_transfer_master.o
 .text.DMAMUX_SetSource
                0x00000000000005dc       0x4c ./source/dspi_edma_b2b_transfer_master.o
 .text.setLed   0x0000000000000628       0x54 ./source/dspi_edma_b2b_transfer_master.o
                0x0000000000000628                setLed
 .text.DSPI_MasterUserCallback
                0x000000000000067c       0x2c ./source/dspi_edma_b2b_transfer_master.o
                0x000000000000067c                DSPI_MasterUserCallback
 .text.SysTick_Handler
                0x00000000000006a8       0x24 ./source/dspi_edma_b2b_transfer_master.o
                0x00000000000006a8                SysTick_Handler
 .text.SysTick_DelayTicks
                0x00000000000006cc       0x28 ./source/dspi_edma_b2b_transfer_master.o
                0x00000000000006cc                SysTick_DelayTicks
 .text.edmaSpiInit
                0x00000000000006f4      0x12c ./source/dspi_edma_b2b_transfer_master.o
                0x00000000000006f4                edmaSpiInit
 .text.main     0x0000000000000820      0x178 ./source/dspi_edma_b2b_transfer_master.o
                0x0000000000000820                main
 .text.CLOCK_SetEr32kClock
                0x0000000000000998       0x30 ./drivers/fsl_clock.o
 .text.CLOCK_SetPllFllSelClock
                0x00000000000009c8       0x58 ./drivers/fsl_clock.o
 .text.CLOCK_GetMcgExtClkFreq
                0x0000000000000a20       0x78 ./drivers/fsl_clock.o
 .text.CLOCK_GetFllExtRefClkFreq
                0x0000000000000a98       0xd0 ./drivers/fsl_clock.o
 .text.CLOCK_GetInternalRefClkSelectFreq
                0x0000000000000b68       0x44 ./drivers/fsl_clock.o
 .text.CLOCK_GetFllRefClkFreq
                0x0000000000000bac       0x2c ./drivers/fsl_clock.o
 .text.CLOCK_GetOscRangeFromFreq
                0x0000000000000bd8       0x3c ./drivers/fsl_clock.o
 .text.CLOCK_GetOsc0ErClkUndivFreq
                0x0000000000000c14       0x38 ./drivers/fsl_clock.o
                0x0000000000000c14                CLOCK_GetOsc0ErClkUndivFreq
 .text.CLOCK_GetOsc0ErClkDivFreq
                0x0000000000000c4c       0x48 ./drivers/fsl_clock.o
                0x0000000000000c4c                CLOCK_GetOsc0ErClkDivFreq
 .text.CLOCK_GetEr32kClkFreq
                0x0000000000000c94       0x70 ./drivers/fsl_clock.o
                0x0000000000000c94                CLOCK_GetEr32kClkFreq
 .text.CLOCK_GetPllFllSelClkFreq
                0x0000000000000d04       0x90 ./drivers/fsl_clock.o
                0x0000000000000d04                CLOCK_GetPllFllSelClkFreq
 .text.CLOCK_GetCoreSysClkFreq
                0x0000000000000d94       0x28 ./drivers/fsl_clock.o
                0x0000000000000d94                CLOCK_GetCoreSysClkFreq
 .text.CLOCK_GetFreq
                0x0000000000000dbc      0x150 ./drivers/fsl_clock.o
                0x0000000000000dbc                CLOCK_GetFreq
 .text.CLOCK_SetSimConfig
                0x0000000000000f0c       0x44 ./drivers/fsl_clock.o
                0x0000000000000f0c                CLOCK_SetSimConfig
 .text.CLOCK_GetOutClkFreq
                0x0000000000000f50       0x90 ./drivers/fsl_clock.o
                0x0000000000000f50                CLOCK_GetOutClkFreq
 .text.CLOCK_GetFllFreq
                0x0000000000000fe0       0x7c ./drivers/fsl_clock.o
                0x0000000000000fe0                CLOCK_GetFllFreq
 .text.CLOCK_GetInternalRefClkFreq
                0x000000000000105c       0x24 ./drivers/fsl_clock.o
                0x000000000000105c                CLOCK_GetInternalRefClkFreq
 .text.CLOCK_GetPll0Freq
                0x0000000000001080       0x6c ./drivers/fsl_clock.o
                0x0000000000001080                CLOCK_GetPll0Freq
 .text.CLOCK_GetExtPllFreq
                0x00000000000010ec       0x18 ./drivers/fsl_clock.o
                0x00000000000010ec                CLOCK_GetExtPllFreq
 .text.CLOCK_SetExternalRefClkConfig
                0x0000000000001104       0x6c ./drivers/fsl_clock.o
                0x0000000000001104                CLOCK_SetExternalRefClkConfig
 .text.CLOCK_SetInternalRefClkConfig
                0x0000000000001170      0x104 ./drivers/fsl_clock.o
                0x0000000000001170                CLOCK_SetInternalRefClkConfig
 .text.CLOCK_EnablePll0
                0x0000000000001274       0x84 ./drivers/fsl_clock.o
                0x0000000000001274                CLOCK_EnablePll0
 .text.CLOCK_InitOsc0
                0x00000000000012f8       0x8c ./drivers/fsl_clock.o
                0x00000000000012f8                CLOCK_InitOsc0
 .text.CLOCK_SetPbeMode
                0x0000000000001384       0xe8 ./drivers/fsl_clock.o
                0x0000000000001384                CLOCK_SetPbeMode
 .text.CLOCK_BootToPeeMode
                0x000000000000146c       0x68 ./drivers/fsl_clock.o
                0x000000000000146c                CLOCK_BootToPeeMode
 .text.DMAMUX_GetInstance
                0x00000000000014d4       0x44 ./drivers/fsl_dmamux.o
 .text.DMAMUX_Init
                0x0000000000001518       0x24 ./drivers/fsl_dmamux.o
                0x0000000000001518                DMAMUX_Init
 .text.DSPI_GetInstance
                0x000000000000153c       0x4c ./drivers/fsl_dspi.o
                0x000000000000153c                DSPI_GetInstance
 .text.DSPI_SetDummyData
                0x0000000000001588       0x2c ./drivers/fsl_dspi.o
                0x0000000000001588                DSPI_SetDummyData
 .text.DSPI_MasterInit
                0x00000000000015b4      0x16c ./drivers/fsl_dspi.o
                0x00000000000015b4                DSPI_MasterInit
 .text.DSPI_MasterSetBaudRate
                0x0000000000001720      0x120 ./drivers/fsl_dspi.o
                0x0000000000001720                DSPI_MasterSetBaudRate
 .text.DSPI_MasterSetDelayTimes
                0x0000000000001840      0x128 ./drivers/fsl_dspi.o
                0x0000000000001840                DSPI_MasterSetDelayTimes
 .text.DSPI_CommonIRQHandler
                0x0000000000001968       0x40 ./drivers/fsl_dspi.o
 .text.SPI0_DriverIRQHandler
                0x00000000000019a8       0x30 ./drivers/fsl_dspi.o
                0x00000000000019a8                SPI0_DriverIRQHandler
 .text.SPI1_DriverIRQHandler
                0x00000000000019d8       0x30 ./drivers/fsl_dspi.o
                0x00000000000019d8                SPI1_DriverIRQHandler
 .text.SPI2_DriverIRQHandler
                0x0000000000001a08       0x30 ./drivers/fsl_dspi.o
                0x0000000000001a08                SPI2_DriverIRQHandler
 .text.EDMA_SetChannelPreemptionConfig
                0x0000000000001a38       0x74 ./drivers/fsl_dspi_edma.o
 .text.EDMA_EnableAutoStopRequest
                0x0000000000001aac       0x64 ./drivers/fsl_dspi_edma.o
 .text.DSPI_MasterTransferCreateHandleEDMA
                0x0000000000001b10       0xa0 ./drivers/fsl_dspi_edma.o
                0x0000000000001b10                DSPI_MasterTransferCreateHandleEDMA
 .text.DSPI_MasterTransferEDMA
                0x0000000000001bb0      0x82c ./drivers/fsl_dspi_edma.o
                0x0000000000001bb0                DSPI_MasterTransferEDMA
 .text.EDMA_DspiMasterCallback
                0x00000000000023dc       0x78 ./drivers/fsl_dspi_edma.o
 .text.__NVIC_EnableIRQ
                0x0000000000002454       0x3c ./drivers/fsl_edma.o
 .text.EDMA_GetInstance
                0x0000000000002490       0x44 ./drivers/fsl_edma.o
 .text.EDMA_Init
                0x00000000000024d4       0x98 ./drivers/fsl_edma.o
                0x00000000000024d4                EDMA_Init
 .text.EDMA_GetDefaultConfig
                0x000000000000256c       0x44 ./drivers/fsl_edma.o
                0x000000000000256c                EDMA_GetDefaultConfig
 .text.EDMA_ResetChannel
                0x00000000000025b0       0x34 ./drivers/fsl_edma.o
                0x00000000000025b0                EDMA_ResetChannel
 .text.EDMA_SetTransferConfig
                0x00000000000025e4       0x60 ./drivers/fsl_edma.o
                0x00000000000025e4                EDMA_SetTransferConfig
 .text.EDMA_SetChannelLink
                0x0000000000002644       0x4c ./drivers/fsl_edma.o
                0x0000000000002644                EDMA_SetChannelLink
 .text.EDMA_EnableChannelInterrupts
                0x0000000000002690       0xa8 ./drivers/fsl_edma.o
                0x0000000000002690                EDMA_EnableChannelInterrupts
 .text.EDMA_TcdReset
                0x0000000000002738       0x78 ./drivers/fsl_edma.o
                0x0000000000002738                EDMA_TcdReset
 .text.EDMA_TcdSetTransferConfig
                0x00000000000027b0       0xe8 ./drivers/fsl_edma.o
                0x00000000000027b0                EDMA_TcdSetTransferConfig
 .text.EDMA_TcdSetChannelLink
                0x0000000000002898      0x134 ./drivers/fsl_edma.o
                0x0000000000002898                EDMA_TcdSetChannelLink
 .text.EDMA_GetChannelStatusFlags
                0x00000000000029cc       0x74 ./drivers/fsl_edma.o
                0x00000000000029cc                EDMA_GetChannelStatusFlags
 .text.Get_StartInstance
                0x0000000000002a40       0x24 ./drivers/fsl_edma.o
 .text.EDMA_CreateHandle
                0x0000000000002a64       0xe4 ./drivers/fsl_edma.o
                0x0000000000002a64                EDMA_CreateHandle
 .text.EDMA_SetCallback
                0x0000000000002b48       0x30 ./drivers/fsl_edma.o
                0x0000000000002b48                EDMA_SetCallback
 .text.EDMA_StartTransfer
                0x0000000000002b78       0xac ./drivers/fsl_edma.o
                0x0000000000002b78                EDMA_StartTransfer
 .text.EDMA_HandleIRQ
                0x0000000000002c24      0x154 ./drivers/fsl_edma.o
                0x0000000000002c24                EDMA_HandleIRQ
 .text.DMA0_DMA16_DriverIRQHandler
                0x0000000000002d78       0x4c ./drivers/fsl_edma.o
                0x0000000000002d78                DMA0_DMA16_DriverIRQHandler
 .text.DMA1_DMA17_DriverIRQHandler
                0x0000000000002dc4       0x4c ./drivers/fsl_edma.o
                0x0000000000002dc4                DMA1_DMA17_DriverIRQHandler
 .text.DMA2_DMA18_DriverIRQHandler
                0x0000000000002e10       0x4c ./drivers/fsl_edma.o
                0x0000000000002e10                DMA2_DMA18_DriverIRQHandler
 .text.DMA3_DMA19_DriverIRQHandler
                0x0000000000002e5c       0x4c ./drivers/fsl_edma.o
                0x0000000000002e5c                DMA3_DMA19_DriverIRQHandler
 .text.DMA4_DMA20_DriverIRQHandler
                0x0000000000002ea8       0x4c ./drivers/fsl_edma.o
                0x0000000000002ea8                DMA4_DMA20_DriverIRQHandler
 .text.DMA5_DMA21_DriverIRQHandler
                0x0000000000002ef4       0x4c ./drivers/fsl_edma.o
                0x0000000000002ef4                DMA5_DMA21_DriverIRQHandler
 .text.DMA6_DMA22_DriverIRQHandler
                0x0000000000002f40       0x4c ./drivers/fsl_edma.o
                0x0000000000002f40                DMA6_DMA22_DriverIRQHandler
 .text.DMA7_DMA23_DriverIRQHandler
                0x0000000000002f8c       0x4c ./drivers/fsl_edma.o
                0x0000000000002f8c                DMA7_DMA23_DriverIRQHandler
 .text.DMA8_DMA24_DriverIRQHandler
                0x0000000000002fd8       0x4c ./drivers/fsl_edma.o
                0x0000000000002fd8                DMA8_DMA24_DriverIRQHandler
 .text.DMA9_DMA25_DriverIRQHandler
                0x0000000000003024       0x4c ./drivers/fsl_edma.o
                0x0000000000003024                DMA9_DMA25_DriverIRQHandler
 .text.DMA10_DMA26_DriverIRQHandler
                0x0000000000003070       0x4c ./drivers/fsl_edma.o
                0x0000000000003070                DMA10_DMA26_DriverIRQHandler
 .text.DMA11_DMA27_DriverIRQHandler
                0x00000000000030bc       0x4c ./drivers/fsl_edma.o
                0x00000000000030bc                DMA11_DMA27_DriverIRQHandler
 .text.DMA12_DMA28_DriverIRQHandler
                0x0000000000003108       0x4c ./drivers/fsl_edma.o
                0x0000000000003108                DMA12_DMA28_DriverIRQHandler
 .text.DMA13_DMA29_DriverIRQHandler
                0x0000000000003154       0x4c ./drivers/fsl_edma.o
                0x0000000000003154                DMA13_DMA29_DriverIRQHandler
 .text.DMA14_DMA30_DriverIRQHandler
                0x00000000000031a0       0x4c ./drivers/fsl_edma.o
                0x00000000000031a0                DMA14_DMA30_DriverIRQHandler
 .text.DMA15_DMA31_DriverIRQHandler
                0x00000000000031ec       0x4c ./drivers/fsl_edma.o
                0x00000000000031ec                DMA15_DMA31_DriverIRQHandler
 .text.LPUART0_DriverIRQHandler
                0x0000000000003238       0x28 ./drivers/fsl_lpuart.o
                0x0000000000003238                LPUART0_DriverIRQHandler
 .text.UART_GetInstance
                0x0000000000003260       0x54 ./drivers/fsl_uart.o
                0x0000000000003260                UART_GetInstance
 .text.UART_Init
                0x00000000000032b4      0x2d8 ./drivers/fsl_uart.o
                0x00000000000032b4                UART_Init
 .text.UART_GetDefaultConfig
                0x000000000000358c       0x68 ./drivers/fsl_uart.o
                0x000000000000358c                UART_GetDefaultConfig
 .text.UART0_DriverIRQHandler
                0x00000000000035f4       0x28 ./drivers/fsl_uart.o
                0x00000000000035f4                UART0_DriverIRQHandler
 .text.UART1_DriverIRQHandler
                0x000000000000361c       0x28 ./drivers/fsl_uart.o
                0x000000000000361c                UART1_DriverIRQHandler
 .text.UART2_DriverIRQHandler
                0x0000000000003644       0x28 ./drivers/fsl_uart.o
                0x0000000000003644                UART2_DriverIRQHandler
 .text.UART3_DriverIRQHandler
                0x000000000000366c       0x28 ./drivers/fsl_uart.o
                0x000000000000366c                UART3_DriverIRQHandler
 .text.UART4_DriverIRQHandler
                0x0000000000003694       0x28 ./drivers/fsl_uart.o
                0x0000000000003694                UART4_DriverIRQHandler
 .text.SystemInit
                0x00000000000036bc       0x3c ./device/system_MK66F18.o
                0x00000000000036bc                SystemInit
 .text.HAL_UartInit
                0x00000000000036f8      0x108 ./component/uart/uart_adapter.o
                0x00000000000036f8                HAL_UartInit
 .text.SerialManager_Init
                0x0000000000003800       0x74 ./component/serial_manager/serial_manager.o
                0x0000000000003800                SerialManager_Init
 .text.SerialManager_OpenWriteHandle
                0x0000000000003874       0x58 ./component/serial_manager/serial_manager.o
                0x0000000000003874                SerialManager_OpenWriteHandle
 .text.SerialManager_OpenReadHandle
                0x00000000000038cc       0x60 ./component/serial_manager/serial_manager.o
                0x00000000000038cc                SerialManager_OpenReadHandle
 .text.Serial_UartInit
                0x000000000000392c       0x80 ./component/serial_manager/serial_port_uart.o
                0x000000000000392c                Serial_UartInit
 .text.CLOCK_SetSimSafeDivs
                0x00000000000039ac       0x24 ./board/clock_config.o
 .text.CLOCK_SetXtal0Freq
                0x00000000000039d0       0x20 ./board/clock_config.o
 .text.CLOCK_CONFIG_SetFllExtRefDiv
                0x00000000000039f0       0x3c ./board/clock_config.o
 .text.BOARD_BootClockRUN
                0x0000000000003a2c       0x60 ./board/clock_config.o
                0x0000000000003a2c                BOARD_BootClockRUN
 .text.BOARD_InitPins
                0x0000000000003a8c       0x7c ./board/pin_mux.o
                0x0000000000003a8c                BOARD_InitPins
 .text.__assertion_failed
                0x0000000000003b08       0x4c /Applications/MCUXpressoIDE_11.0.0_2516/ide/plugins/com.nxp.mcuxpresso.tools.macosx_11.0.0.201905131304/tools/bin/../lib/gcc/arm-none-eabi/8.2.1/../../../../arm-none-eabi/lib/thumb/v7e-m+fp/hard/libcr_semihost_nf.a(_cr_assert.o)
                0x0000000000003b08                __assertion_failed
 .text.__sys_appexit
                0x0000000000003b54        0xc /Applications/MCUXpressoIDE_11.0.0_2516/ide/plugins/com.nxp.mcuxpresso.tools.macosx_11.0.0.201905131304/tools/bin/../lib/gcc/arm-none-eabi/8.2.1/../../../../arm-none-eabi/lib/thumb/v7e-m+fp/hard/libcr_semihost_nf.a(__sys_appexit.o)
                0x0000000000003b54                __exit
                0x0000000000003b54                __sys_appexit
 .text._Cwritebuf
                0x0000000000003b60       0x6c /Applications/MCUXpressoIDE_11.0.0_2516/ide/plugins/com.nxp.mcuxpresso.tools.macosx_11.0.0.201905131304/tools/bin/../lib/gcc/arm-none-eabi/8.2.1/../../../../arm-none-eabi/lib/thumb/v7e-m+fp/hard/libcr_c.a(_writebuf.o)
                0x0000000000003b60                _Cwritebuf
 .text.malloc   0x0000000000003bcc       0xc8 /Applications/MCUXpressoIDE_11.0.0_2516/ide/plugins/com.nxp.mcuxpresso.tools.macosx_11.0.0.201905131304/tools/bin/../lib/gcc/arm-none-eabi/8.2.1/../../../../arm-none-eabi/lib/thumb/v7e-m+fp/hard/libcr_c.a(alloc.o)
                0x0000000000003bcc                malloc
 .text._Csys_alloc
                0x0000000000003c94       0x20 /Applications/MCUXpressoIDE_11.0.0_2516/ide/plugins/com.nxp.mcuxpresso.tools.macosx_11.0.0.201905131304/tools/bin/../lib/gcc/arm-none-eabi/8.2.1/../../../../arm-none-eabi/lib/thumb/v7e-m+fp/hard/libcr_c.a(alloc.o)
                0x0000000000003c94                _Csys_alloc
 .text.fseek    0x0000000000003cb4      0x100 /Applications/MCUXpressoIDE_11.0.0_2516/ide/plugins/com.nxp.mcuxpresso.tools.macosx_11.0.0.201905131304/tools/bin/../lib/gcc/arm-none-eabi/8.2.1/../../../../arm-none-eabi/lib/thumb/v7e-m+fp/hard/libcr_c.a(fseek.o)
                0x0000000000003cb4                fseek
 .text.ftell    0x0000000000003db4       0x48 /Applications/MCUXpressoIDE_11.0.0_2516/ide/plugins/com.nxp.mcuxpresso.tools.macosx_11.0.0.201905131304/tools/bin/../lib/gcc/arm-none-eabi/8.2.1/../../../../arm-none-eabi/lib/thumb/v7e-m+fp/hard/libcr_c.a(ftell.o)
                0x0000000000003db4                ftell
 .text._initio  0x0000000000003dfc       0x78 /Applications/MCUXpressoIDE_11.0.0_2516/ide/plugins/com.nxp.mcuxpresso.tools.macosx_11.0.0.201905131304/tools/bin/../lib/gcc/arm-none-eabi/8.2.1/../../../../arm-none-eabi/lib/thumb/v7e-m+fp/hard/libcr_c.a(initio.o)
                0x0000000000003dfc                _initio
 .text.__vfprintf
                0x0000000000003e74      0xbe0 /Applications/MCUXpressoIDE_11.0.0_2516/ide/plugins/com.nxp.mcuxpresso.tools.macosx_11.0.0.201905131304/tools/bin/../lib/gcc/arm-none-eabi/8.2.1/../../../../arm-none-eabi/lib/thumb/v7e-m+fp/hard/libcr_c.a(printf.o)
                0x0000000000003e74                __vfprintf
 .text._vsnprintf
                0x0000000000004a54       0x68 /Applications/MCUXpressoIDE_11.0.0_2516/ide/plugins/com.nxp.mcuxpresso.tools.macosx_11.0.0.201905131304/tools/bin/../lib/gcc/arm-none-eabi/8.2.1/../../../../arm-none-eabi/lib/thumb/v7e-m+fp/hard/libcr_c.a(printf.o)
                0x0000000000004a54                _vsnprintf
 .text._printf  0x0000000000004abc       0x54 /Applications/MCUXpressoIDE_11.0.0_2516/ide/plugins/com.nxp.mcuxpresso.tools.macosx_11.0.0.201905131304/tools/bin/../lib/gcc/arm-none-eabi/8.2.1/../../../../arm-none-eabi/lib/thumb/v7e-m+fp/hard/libcr_c.a(printf.o)
                0x0000000000004abc                _printf
 .text.setvbuf  0x0000000000004b10       0x40 /Applications/MCUXpressoIDE_11.0.0_2516/ide/plugins/com.nxp.mcuxpresso.tools.macosx_11.0.0.201905131304/tools/bin/../lib/gcc/arm-none-eabi/8.2.1/../../../../arm-none-eabi/lib/thumb/v7e-m+fp/hard/libcr_c.a(setvbuf.o)
                0x0000000000004b10                setvbuf
 .text._sbrk    0x0000000000004b50       0x3c /Applications/MCUXpressoIDE_11.0.0_2516/ide/plugins/com.nxp.mcuxpresso.tools.macosx_11.0.0.201905131304/tools/bin/../lib/gcc/arm-none-eabi/8.2.1/../../../../arm-none-eabi/lib/thumb/v7e-m+fp/hard/libcr_c.a(_cr_sbrk.o)
                0x0000000000004b50                _sbrk
 .text.fflush   0x0000000000004b8c       0x44 /Applications/MCUXpressoIDE_11.0.0_2516/ide/plugins/com.nxp.mcuxpresso.tools.macosx_11.0.0.201905131304/tools/bin/../lib/gcc/arm-none-eabi/8.2.1/../../../../arm-none-eabi/lib/thumb/v7e-m+fp/hard/libcr_c.a(fflush.o)
                0x0000000000004b8c                fflush
 .text.__check_heap_overflow
                0x0000000000004bd0       0x18 /Applications/MCUXpressoIDE_11.0.0_2516/ide/plugins/com.nxp.mcuxpresso.tools.macosx_11.0.0.201905131304/tools/bin/../lib/gcc/arm-none-eabi/8.2.1/../../../../arm-none-eabi/lib/thumb/v7e-m+fp/hard/libcr_c.a(_cr_check_heap.o)
                0x0000000000004bd0                __check_heap_overflow
 .text.DMA0_DMA16_IRQHandler
                0x0000000000004be8        0x8 ./startup/startup_mk66f18.o
                0x0000000000004be8                DMA0_DMA16_IRQHandler
 .text.DMA1_DMA17_IRQHandler
                0x0000000000004bf0        0x8 ./startup/startup_mk66f18.o
                0x0000000000004bf0                DMA1_DMA17_IRQHandler
 .text.DMA2_DMA18_IRQHandler
                0x0000000000004bf8        0x8 ./startup/startup_mk66f18.o
                0x0000000000004bf8                DMA2_DMA18_IRQHandler
 .text.DMA3_DMA19_IRQHandler
                0x0000000000004c00        0x8 ./startup/startup_mk66f18.o
                0x0000000000004c00                DMA3_DMA19_IRQHandler
 .text.DMA4_DMA20_IRQHandler
                0x0000000000004c08        0x8 ./startup/startup_mk66f18.o
                0x0000000000004c08                DMA4_DMA20_IRQHandler
 .text.DMA5_DMA21_IRQHandler
                0x0000000000004c10        0x8 ./startup/startup_mk66f18.o
                0x0000000000004c10                DMA5_DMA21_IRQHandler
 .text.DMA6_DMA22_IRQHandler
                0x0000000000004c18        0x8 ./startup/startup_mk66f18.o
                0x0000000000004c18                DMA6_DMA22_IRQHandler
 .text.DMA7_DMA23_IRQHandler
                0x0000000000004c20        0x8 ./startup/startup_mk66f18.o
                0x0000000000004c20                DMA7_DMA23_IRQHandler
 .text.DMA8_DMA24_IRQHandler
                0x0000000000004c28        0x8 ./startup/startup_mk66f18.o
                0x0000000000004c28                DMA8_DMA24_IRQHandler
 .text.DMA9_DMA25_IRQHandler
                0x0000000000004c30        0x8 ./startup/startup_mk66f18.o
                0x0000000000004c30                DMA9_DMA25_IRQHandler
 .text.DMA10_DMA26_IRQHandler
                0x0000000000004c38        0x8 ./startup/startup_mk66f18.o
                0x0000000000004c38                DMA10_DMA26_IRQHandler
 .text.DMA11_DMA27_IRQHandler
                0x0000000000004c40        0x8 ./startup/startup_mk66f18.o
                0x0000000000004c40                DMA11_DMA27_IRQHandler
 .text.DMA12_DMA28_IRQHandler
                0x0000000000004c48        0x8 ./startup/startup_mk66f18.o
                0x0000000000004c48                DMA12_DMA28_IRQHandler
 .text.DMA13_DMA29_IRQHandler
                0x0000000000004c50        0x8 ./startup/startup_mk66f18.o
                0x0000000000004c50                DMA13_DMA29_IRQHandler
 .text.DMA14_DMA30_IRQHandler
                0x0000000000004c58        0x8 ./startup/startup_mk66f18.o
                0x0000000000004c58                DMA14_DMA30_IRQHandler
 .text.DMA15_DMA31_IRQHandler
                0x0000000000004c60        0x8 ./startup/startup_mk66f18.o
                0x0000000000004c60                DMA15_DMA31_IRQHandler
 .text.DMA_Error_IRQHandler
                0x0000000000004c68        0x8 ./startup/startup_mk66f18.o
                0x0000000000004c68                DMA_Error_IRQHandler
 .text.MCM_IRQHandler
                0x0000000000004c70        0x8 ./startup/startup_mk66f18.o
                0x0000000000004c70                MCM_IRQHandler
 .text.FTFE_IRQHandler
                0x0000000000004c78        0x8 ./startup/startup_mk66f18.o
                0x0000000000004c78                FTFE_IRQHandler
 .text.Read_Collision_IRQHandler
                0x0000000000004c80        0x8 ./startup/startup_mk66f18.o
                0x0000000000004c80                Read_Collision_IRQHandler
 .text.LVD_LVW_IRQHandler
                0x0000000000004c88        0x8 ./startup/startup_mk66f18.o
                0x0000000000004c88                LVD_LVW_IRQHandler
 .text.LLWU_IRQHandler
                0x0000000000004c90        0x8 ./startup/startup_mk66f18.o
                0x0000000000004c90                LLWU_IRQHandler
 .text.WDOG_EWM_IRQHandler
                0x0000000000004c98        0x8 ./startup/startup_mk66f18.o
                0x0000000000004c98                WDOG_EWM_IRQHandler
 .text.RNG_IRQHandler
                0x0000000000004ca0        0x8 ./startup/startup_mk66f18.o
                0x0000000000004ca0                RNG_IRQHandler
 .text.I2C0_IRQHandler
                0x0000000000004ca8        0x8 ./startup/startup_mk66f18.o
                0x0000000000004ca8                I2C0_IRQHandler
 .text.I2C1_IRQHandler
                0x0000000000004cb0        0x8 ./startup/startup_mk66f18.o
                0x0000000000004cb0                I2C1_IRQHandler
 .text.SPI0_IRQHandler
                0x0000000000004cb8        0x8 ./startup/startup_mk66f18.o
                0x0000000000004cb8                SPI0_IRQHandler
 .text.SPI1_IRQHandler
                0x0000000000004cc0        0x8 ./startup/startup_mk66f18.o
                0x0000000000004cc0                SPI1_IRQHandler
 .text.I2S0_Tx_IRQHandler
                0x0000000000004cc8        0x8 ./startup/startup_mk66f18.o
                0x0000000000004cc8                I2S0_Tx_IRQHandler
 .text.I2S0_Rx_IRQHandler
                0x0000000000004cd0        0x8 ./startup/startup_mk66f18.o
                0x0000000000004cd0                I2S0_Rx_IRQHandler
 .text.Reserved46_IRQHandler
                0x0000000000004cd8        0x8 ./startup/startup_mk66f18.o
                0x0000000000004cd8                Reserved46_IRQHandler
 .text.UART0_RX_TX_IRQHandler
                0x0000000000004ce0        0x8 ./startup/startup_mk66f18.o
                0x0000000000004ce0                UART0_RX_TX_IRQHandler
 .text.UART0_ERR_IRQHandler
                0x0000000000004ce8        0x8 ./startup/startup_mk66f18.o
                0x0000000000004ce8                UART0_ERR_IRQHandler
 .text.UART1_RX_TX_IRQHandler
                0x0000000000004cf0        0x8 ./startup/startup_mk66f18.o
                0x0000000000004cf0                UART1_RX_TX_IRQHandler
 .text.UART1_ERR_IRQHandler
                0x0000000000004cf8        0x8 ./startup/startup_mk66f18.o
                0x0000000000004cf8                UART1_ERR_IRQHandler
 .text.UART2_RX_TX_IRQHandler
                0x0000000000004d00        0x8 ./startup/startup_mk66f18.o
                0x0000000000004d00                UART2_RX_TX_IRQHandler
 .text.UART2_ERR_IRQHandler
                0x0000000000004d08        0x8 ./startup/startup_mk66f18.o
                0x0000000000004d08                UART2_ERR_IRQHandler
 .text.UART3_RX_TX_IRQHandler
                0x0000000000004d10        0x8 ./startup/startup_mk66f18.o
                0x0000000000004d10                UART3_RX_TX_IRQHandler
 .text.UART3_ERR_IRQHandler
                0x0000000000004d18        0x8 ./startup/startup_mk66f18.o
                0x0000000000004d18                UART3_ERR_IRQHandler
 .text.ADC0_IRQHandler
                0x0000000000004d20        0x8 ./startup/startup_mk66f18.o
                0x0000000000004d20                ADC0_IRQHandler
 .text.CMP0_IRQHandler
                0x0000000000004d28        0x8 ./startup/startup_mk66f18.o
                0x0000000000004d28                CMP0_IRQHandler
 .text.CMP1_IRQHandler
                0x0000000000004d30        0x8 ./startup/startup_mk66f18.o
                0x0000000000004d30                CMP1_IRQHandler
 .text.FTM0_IRQHandler
                0x0000000000004d38        0x8 ./startup/startup_mk66f18.o
                0x0000000000004d38                FTM0_IRQHandler
 .text.FTM1_IRQHandler
                0x0000000000004d40        0x8 ./startup/startup_mk66f18.o
                0x0000000000004d40                FTM1_IRQHandler
 .text.FTM2_IRQHandler
                0x0000000000004d48        0x8 ./startup/startup_mk66f18.o
                0x0000000000004d48                FTM2_IRQHandler
 .text.CMT_IRQHandler
                0x0000000000004d50        0x8 ./startup/startup_mk66f18.o
                0x0000000000004d50                CMT_IRQHandler
 .text.RTC_IRQHandler
                0x0000000000004d58        0x8 ./startup/startup_mk66f18.o
                0x0000000000004d58                RTC_IRQHandler
 .text.RTC_Seconds_IRQHandler
                0x0000000000004d60        0x8 ./startup/startup_mk66f18.o
                0x0000000000004d60                RTC_Seconds_IRQHandler
 .text.PIT0_IRQHandler
                0x0000000000004d68        0x8 ./startup/startup_mk66f18.o
                0x0000000000004d68                PIT0_IRQHandler
 .text.PIT1_IRQHandler
                0x0000000000004d70        0x8 ./startup/startup_mk66f18.o
                0x0000000000004d70                PIT1_IRQHandler
 .text.PIT2_IRQHandler
                0x0000000000004d78        0x8 ./startup/startup_mk66f18.o
                0x0000000000004d78                PIT2_IRQHandler
 .text.PIT3_IRQHandler
                0x0000000000004d80        0x8 ./startup/startup_mk66f18.o
                0x0000000000004d80                PIT3_IRQHandler
 .text.PDB0_IRQHandler
                0x0000000000004d88        0x8 ./startup/startup_mk66f18.o
                0x0000000000004d88                PDB0_IRQHandler
 .text.USB0_IRQHandler
                0x0000000000004d90        0x8 ./startup/startup_mk66f18.o
                0x0000000000004d90                USB0_IRQHandler
 .text.USBDCD_IRQHandler
                0x0000000000004d98        0x8 ./startup/startup_mk66f18.o
                0x0000000000004d98                USBDCD_IRQHandler
 .text.Reserved71_IRQHandler
                0x0000000000004da0        0x8 ./startup/startup_mk66f18.o
                0x0000000000004da0                Reserved71_IRQHandler
 .text.DAC0_IRQHandler
                0x0000000000004da8        0x8 ./startup/startup_mk66f18.o
                0x0000000000004da8                DAC0_IRQHandler
 .text.MCG_IRQHandler
                0x0000000000004db0        0x8 ./startup/startup_mk66f18.o
                0x0000000000004db0                MCG_IRQHandler
 .text.LPTMR0_IRQHandler
                0x0000000000004db8        0x8 ./startup/startup_mk66f18.o
                0x0000000000004db8                LPTMR0_IRQHandler
 .text.PORTA_IRQHandler
                0x0000000000004dc0        0x8 ./startup/startup_mk66f18.o
                0x0000000000004dc0                PORTA_IRQHandler
 .text.PORTB_IRQHandler
                0x0000000000004dc8        0x8 ./startup/startup_mk66f18.o
                0x0000000000004dc8                PORTB_IRQHandler
 .text.PORTC_IRQHandler
                0x0000000000004dd0        0x8 ./startup/startup_mk66f18.o
                0x0000000000004dd0                PORTC_IRQHandler
 .text.PORTD_IRQHandler
                0x0000000000004dd8        0x8 ./startup/startup_mk66f18.o
                0x0000000000004dd8                PORTD_IRQHandler
 .text.PORTE_IRQHandler
                0x0000000000004de0        0x8 ./startup/startup_mk66f18.o
                0x0000000000004de0                PORTE_IRQHandler
 .text.SWI_IRQHandler
                0x0000000000004de8        0x8 ./startup/startup_mk66f18.o
                0x0000000000004de8                SWI_IRQHandler
 .text.SPI2_IRQHandler
                0x0000000000004df0        0x8 ./startup/startup_mk66f18.o
                0x0000000000004df0                SPI2_IRQHandler
 .text.UART4_RX_TX_IRQHandler
                0x0000000000004df8        0x8 ./startup/startup_mk66f18.o
                0x0000000000004df8                UART4_RX_TX_IRQHandler
 .text.UART4_ERR_IRQHandler
                0x0000000000004e00        0x8 ./startup/startup_mk66f18.o
                0x0000000000004e00                UART4_ERR_IRQHandler
 .text.Reserved84_IRQHandler
                0x0000000000004e08        0x8 ./startup/startup_mk66f18.o
                0x0000000000004e08                Reserved84_IRQHandler
 .text.Reserved85_IRQHandler
                0x0000000000004e10        0x8 ./startup/startup_mk66f18.o
                0x0000000000004e10                Reserved85_IRQHandler
 .text.CMP2_IRQHandler
                0x0000000000004e18        0x8 ./startup/startup_mk66f18.o
                0x0000000000004e18                CMP2_IRQHandler
 .text.FTM3_IRQHandler
                0x0000000000004e20        0x8 ./startup/startup_mk66f18.o
                0x0000000000004e20                FTM3_IRQHandler
 .text.DAC1_IRQHandler
                0x0000000000004e28        0x8 ./startup/startup_mk66f18.o
                0x0000000000004e28                DAC1_IRQHandler
 .text.ADC1_IRQHandler
                0x0000000000004e30        0x8 ./startup/startup_mk66f18.o
                0x0000000000004e30                ADC1_IRQHandler
 .text.I2C2_IRQHandler
                0x0000000000004e38        0x8 ./startup/startup_mk66f18.o
                0x0000000000004e38                I2C2_IRQHandler
 .text.CAN0_ORed_Message_buffer_IRQHandler
                0x0000000000004e40        0x8 ./startup/startup_mk66f18.o
                0x0000000000004e40                CAN0_ORed_Message_buffer_IRQHandler
 .text.CAN0_Bus_Off_IRQHandler
                0x0000000000004e48        0x8 ./startup/startup_mk66f18.o
                0x0000000000004e48                CAN0_Bus_Off_IRQHandler
 .text.CAN0_Error_IRQHandler
                0x0000000000004e50        0x8 ./startup/startup_mk66f18.o
                0x0000000000004e50                CAN0_Error_IRQHandler
 .text.CAN0_Tx_Warning_IRQHandler
                0x0000000000004e58        0x8 ./startup/startup_mk66f18.o
                0x0000000000004e58                CAN0_Tx_Warning_IRQHandler
 .text.CAN0_Rx_Warning_IRQHandler
                0x0000000000004e60        0x8 ./startup/startup_mk66f18.o
                0x0000000000004e60                CAN0_Rx_Warning_IRQHandler
 .text.CAN0_Wake_Up_IRQHandler
                0x0000000000004e68        0x8 ./startup/startup_mk66f18.o
                0x0000000000004e68                CAN0_Wake_Up_IRQHandler
 .text.SDHC_IRQHandler
                0x0000000000004e70        0x8 ./startup/startup_mk66f18.o
                0x0000000000004e70                SDHC_IRQHandler
 .text.ENET_1588_Timer_IRQHandler
                0x0000000000004e78        0x8 ./startup/startup_mk66f18.o
                0x0000000000004e78                ENET_1588_Timer_IRQHandler
 .text.ENET_Transmit_IRQHandler
                0x0000000000004e80        0x8 ./startup/startup_mk66f18.o
                0x0000000000004e80                ENET_Transmit_IRQHandler
 .text.ENET_Receive_IRQHandler
                0x0000000000004e88        0x8 ./startup/startup_mk66f18.o
                0x0000000000004e88                ENET_Receive_IRQHandler
 .text.ENET_Error_IRQHandler
                0x0000000000004e90        0x8 ./startup/startup_mk66f18.o
                0x0000000000004e90                ENET_Error_IRQHandler
 .text.LPUART0_IRQHandler
                0x0000000000004e98        0x8 ./startup/startup_mk66f18.o
                0x0000000000004e98                LPUART0_IRQHandler
 .text.TSI0_IRQHandler
                0x0000000000004ea0        0x8 ./startup/startup_mk66f18.o
                0x0000000000004ea0                TSI0_IRQHandler
 .text.TPM1_IRQHandler
                0x0000000000004ea8        0x8 ./startup/startup_mk66f18.o
                0x0000000000004ea8                TPM1_IRQHandler
 .text.TPM2_IRQHandler
                0x0000000000004eb0        0x8 ./startup/startup_mk66f18.o
                0x0000000000004eb0                TPM2_IRQHandler
 .text.USBHSDCD_IRQHandler
                0x0000000000004eb8        0x8 ./startup/startup_mk66f18.o
                0x0000000000004eb8                USBHSDCD_IRQHandler
 .text.I2C3_IRQHandler
                0x0000000000004ec0        0x8 ./startup/startup_mk66f18.o
                0x0000000000004ec0                I2C3_IRQHandler
 .text.CMP3_IRQHandler
                0x0000000000004ec8        0x8 ./startup/startup_mk66f18.o
                0x0000000000004ec8                CMP3_IRQHandler
 .text.USBHS_IRQHandler
                0x0000000000004ed0        0x8 ./startup/startup_mk66f18.o
                0x0000000000004ed0                USBHS_IRQHandler
 .text.CAN1_ORed_Message_buffer_IRQHandler
                0x0000000000004ed8        0x8 ./startup/startup_mk66f18.o
                0x0000000000004ed8                CAN1_ORed_Message_buffer_IRQHandler
 .text.CAN1_Bus_Off_IRQHandler
                0x0000000000004ee0        0x8 ./startup/startup_mk66f18.o
                0x0000000000004ee0                CAN1_Bus_Off_IRQHandler
 .text.CAN1_Error_IRQHandler
                0x0000000000004ee8        0x8 ./startup/startup_mk66f18.o
                0x0000000000004ee8                CAN1_Error_IRQHandler
 .text.CAN1_Tx_Warning_IRQHandler
                0x0000000000004ef0        0x8 ./startup/startup_mk66f18.o
                0x0000000000004ef0                CAN1_Tx_Warning_IRQHandler
 .text.CAN1_Rx_Warning_IRQHandler
                0x0000000000004ef8        0x8 ./startup/startup_mk66f18.o
                0x0000000000004ef8                CAN1_Rx_Warning_IRQHandler
 .text.CAN1_Wake_Up_IRQHandler
                0x0000000000004f00        0x8 ./startup/startup_mk66f18.o
                0x0000000000004f00                CAN1_Wake_Up_IRQHandler
 .text.HardFault_Handler
                0x0000000000004f08       0x2c ./source/semihost_hardfault.o
                0x0000000000004f08                HardFault_Handler
 .text.OSC_SetExtRefClkConfig
                0x0000000000004f34       0x40 ./drivers/fsl_clock.o
 .text.OSC_SetCapLoad
                0x0000000000004f74       0x34 ./drivers/fsl_clock.o
 .text.CLOCK_GetPll0RefFreq
                0x0000000000004fa8        0xe ./drivers/fsl_clock.o
 .text.CLOCK_GetFixedFreqClkFreq
                0x0000000000004fb6       0x2e ./drivers/fsl_clock.o
                0x0000000000004fb6                CLOCK_GetFixedFreqClkFreq
 .text.CLOCK_EnableClock
                0x0000000000004fe4       0x34 ./drivers/fsl_dmamux.o
 .text.CLOCK_EnableClock
                0x0000000000005018       0x34 ./drivers/fsl_dspi.o
 .text.DSPI_Enable
                0x000000000000504c       0x38 ./drivers/fsl_dspi.o
 .text.DSPI_SetMasterSlaveMode
                0x0000000000005084       0x2a ./drivers/fsl_dspi.o
 .text.DSPI_IsMaster
                0x00000000000050ae       0x1c ./drivers/fsl_dspi.o
 .text.DSPI_StartTransfer
                0x00000000000050ca       0x20 ./drivers/fsl_dspi.o
 .text.DSPI_StopTransfer
                0x00000000000050ea       0x20 ./drivers/fsl_dspi.o
 .text.DSPI_SetOnePcsPolarity
                0x000000000000510a       0x4e ./drivers/fsl_dspi.o
 .text.DSPI_MasterSetDelayScaler
                0x0000000000005158       0xdc ./drivers/fsl_dspi.o
                0x0000000000005158                DSPI_MasterSetDelayScaler
 .text.DSPI_ClearStatusFlags
                0x0000000000005234       0x1c ./drivers/fsl_dspi_edma.o
 .text.DSPI_EnableDMA
                0x0000000000005250       0x22 ./drivers/fsl_dspi_edma.o
 .text.DSPI_DisableDMA
                0x0000000000005272       0x24 ./drivers/fsl_dspi_edma.o
 .text.DSPI_MasterGetTxRegisterAddress
                0x0000000000005296       0x18 ./drivers/fsl_dspi_edma.o
 .text.DSPI_GetRxRegisterAddress
                0x00000000000052ae       0x18 ./drivers/fsl_dspi_edma.o
 .text.DSPI_StartTransfer
                0x00000000000052c6       0x20 ./drivers/fsl_dspi_edma.o
 .text.DSPI_StopTransfer
                0x00000000000052e6       0x20 ./drivers/fsl_dspi_edma.o
 .text.DSPI_FlushFifo
                0x0000000000005306       0x3c ./drivers/fsl_dspi_edma.o
 .text.DSPI_MasterGetFormattedCommand
                0x0000000000005342       0x4a ./drivers/fsl_dspi_edma.o
 .text.CLOCK_EnableClock
                0x000000000000538c       0x34 ./drivers/fsl_edma.o
 .text.EnableIRQ
                0x00000000000053c0       0x2c ./drivers/fsl_edma.o
 .text.DisableGlobalIRQ
                0x00000000000053ec       0x20 ./drivers/fsl_edma.o
 .text.EnableGlobalIRQ
                0x000000000000540c       0x1e ./drivers/fsl_edma.o
 .text.CLOCK_EnableClock
                0x000000000000542a       0x34 ./drivers/fsl_uart.o
 .text.UART0_RX_TX_DriverIRQHandler
                0x000000000000545e       0x10 ./drivers/fsl_uart.o
                0x000000000000545e                UART0_RX_TX_DriverIRQHandler
 .text.UART1_RX_TX_DriverIRQHandler
                0x000000000000546e       0x10 ./drivers/fsl_uart.o
                0x000000000000546e                UART1_RX_TX_DriverIRQHandler
 .text.UART2_RX_TX_DriverIRQHandler
                0x000000000000547e       0x10 ./drivers/fsl_uart.o
                0x000000000000547e                UART2_RX_TX_DriverIRQHandler
 .text.UART3_RX_TX_DriverIRQHandler
                0x000000000000548e       0x10 ./drivers/fsl_uart.o
                0x000000000000548e                UART3_RX_TX_DriverIRQHandler
 .text.UART4_RX_TX_DriverIRQHandler
                0x000000000000549e       0x10 ./drivers/fsl_uart.o
                0x000000000000549e                UART4_RX_TX_DriverIRQHandler
 .text.SystemInitHook
                0x00000000000054ae        0xe ./device/system_MK66F18.o
                0x00000000000054ae                SystemInitHook
 .text.HAL_UartGetStatus
                0x00000000000054bc       0x22 ./component/uart/uart_adapter.o
 .text.BOARD_InitDebugConsole
                0x00000000000054de       0x22 ./board/board.o
                0x00000000000054de                BOARD_InitDebugConsole
 .text.CLOCK_EnableClock
                0x0000000000005500       0x34 ./board/pin_mux.o
 .text.PORT_SetPinMux
                0x0000000000005534       0x3a ./board/pin_mux.o
 .text.__main   0x000000000000556e        0xe /Applications/MCUXpressoIDE_11.0.0_2516/ide/plugins/com.nxp.mcuxpresso.tools.macosx_11.0.0.201905131304/tools/bin/../lib/gcc/arm-none-eabi/8.2.1/../../../../arm-none-eabi/lib/thumb/v7e-m+fp/hard/libcr_semihost_nf.a(_cr__main.o)
                0x000000000000556e                __main
                0x000000000000556e                __CR_SEMIHOST
 .text.memset   0x000000000000557c        0x4 /Applications/MCUXpressoIDE_11.0.0_2516/ide/plugins/com.nxp.mcuxpresso.tools.macosx_11.0.0.201905131304/tools/bin/../lib/gcc/arm-none-eabi/8.2.1/../../../../arm-none-eabi/lib/thumb/v7e-m+fp/hard/libcr_c.a(memset.o)
                0x000000000000557c                memset
 .text._deferredlazyseek
                0x0000000000005580       0x40 /Applications/MCUXpressoIDE_11.0.0_2516/ide/plugins/com.nxp.mcuxpresso.tools.macosx_11.0.0.201905131304/tools/bin/../lib/gcc/arm-none-eabi/8.2.1/../../../../arm-none-eabi/lib/thumb/v7e-m+fp/hard/libcr_c.a(_deferredlazyseek.o)
                0x0000000000005580                _deferredlazyseek
 .text.__flsbuf
                0x00000000000055c0      0x140 /Applications/MCUXpressoIDE_11.0.0_2516/ide/plugins/com.nxp.mcuxpresso.tools.macosx_11.0.0.201905131304/tools/bin/../lib/gcc/arm-none-eabi/8.2.1/../../../../arm-none-eabi/lib/thumb/v7e-m+fp/hard/libcr_c.a(_deferredlazyseek.o)
                0x00000000000055c0                __flsbuf
 .text._fflush  0x0000000000005700       0x52 /Applications/MCUXpressoIDE_11.0.0_2516/ide/plugins/com.nxp.mcuxpresso.tools.macosx_11.0.0.201905131304/tools/bin/../lib/gcc/arm-none-eabi/8.2.1/../../../../arm-none-eabi/lib/thumb/v7e-m+fp/hard/libcr_c.a(_fflush.o)
                0x0000000000005700                _fflush
 .text.free     0x0000000000005752       0x30 /Applications/MCUXpressoIDE_11.0.0_2516/ide/plugins/com.nxp.mcuxpresso.tools.macosx_11.0.0.201905131304/tools/bin/../lib/gcc/arm-none-eabi/8.2.1/../../../../arm-none-eabi/lib/thumb/v7e-m+fp/hard/libcr_c.a(alloc.o)
                0x0000000000005752                free
 .text.fputs    0x0000000000005782       0x2c /Applications/MCUXpressoIDE_11.0.0_2516/ide/plugins/com.nxp.mcuxpresso.tools.macosx_11.0.0.201905131304/tools/bin/../lib/gcc/arm-none-eabi/8.2.1/../../../../arm-none-eabi/lib/thumb/v7e-m+fp/hard/libcr_c.a(fputs.o)
                0x0000000000005782                fputs
 .text.no_fp_display
                0x00000000000057ae        0x4 /Applications/MCUXpressoIDE_11.0.0_2516/ide/plugins/com.nxp.mcuxpresso.tools.macosx_11.0.0.201905131304/tools/bin/../lib/gcc/arm-none-eabi/8.2.1/../../../../arm-none-eabi/lib/thumb/v7e-m+fp/hard/libcr_c.a(printf.o)
 .text.strlen   0x00000000000057b2       0x4c /Applications/MCUXpressoIDE_11.0.0_2516/ide/plugins/com.nxp.mcuxpresso.tools.macosx_11.0.0.201905131304/tools/bin/../lib/gcc/arm-none-eabi/8.2.1/../../../../arm-none-eabi/lib/thumb/v7e-m+fp/hard/libcr_c.a(strlen.o)
                0x00000000000057b2                strlen
 .text._fdopen  0x00000000000057fe       0x68 /Applications/MCUXpressoIDE_11.0.0_2516/ide/plugins/com.nxp.mcuxpresso.tools.macosx_11.0.0.201905131304/tools/bin/../lib/gcc/arm-none-eabi/8.2.1/../../../../arm-none-eabi/lib/thumb/v7e-m+fp/hard/libcr_c.a(_fdopen.o)
                0x00000000000057fe                _fdopen
 .text.fclose   0x0000000000005866       0x58 /Applications/MCUXpressoIDE_11.0.0_2516/ide/plugins/com.nxp.mcuxpresso.tools.macosx_11.0.0.201905131304/tools/bin/../lib/gcc/arm-none-eabi/8.2.1/../../../../arm-none-eabi/lib/thumb/v7e-m+fp/hard/libcr_c.a(fclose.o)
                0x0000000000005866                fclose
 .text.remove   0x00000000000058be       0x14 /Applications/MCUXpressoIDE_11.0.0_2516/ide/plugins/com.nxp.mcuxpresso.tools.macosx_11.0.0.201905131304/tools/bin/../lib/gcc/arm-none-eabi/8.2.1/../../../../arm-none-eabi/lib/thumb/v7e-m+fp/hard/libcr_c.a(remove.o)
                0x00000000000058be                remove
 .text._do_fflush
                0x00000000000058d2       0x40 /Applications/MCUXpressoIDE_11.0.0_2516/ide/plugins/com.nxp.mcuxpresso.tools.macosx_11.0.0.201905131304/tools/bin/../lib/gcc/arm-none-eabi/8.2.1/../../../../arm-none-eabi/lib/thumb/v7e-m+fp/hard/libcr_c.a(_do_fflush.o)
                0x00000000000058d2                _do_fflush
 .text.__aeabi_memset_lowlevel
                0x0000000000005912       0x32 /Applications/MCUXpressoIDE_11.0.0_2516/ide/plugins/com.nxp.mcuxpresso.tools.macosx_11.0.0.201905131304/tools/bin/../lib/gcc/arm-none-eabi/8.2.1/thumb/v7e-m+fp/hard/libcr_eabihelpers.a(memcpy.o)
                0x0000000000005912                __aeabi_lowlevel_memset
 .text.__sys_close
                0x0000000000005944        0xc /Applications/MCUXpressoIDE_11.0.0_2516/ide/plugins/com.nxp.mcuxpresso.tools.macosx_11.0.0.201905131304/tools/bin/../lib/gcc/arm-none-eabi/8.2.1/../../../../arm-none-eabi/lib/thumb/v7e-m+fp/hard/libcr_semihost_nf.a(__sys_close.o)
                0x0000000000005944                __sys_close
 .text.__sys_flen
                0x0000000000005950        0xc /Applications/MCUXpressoIDE_11.0.0_2516/ide/plugins/com.nxp.mcuxpresso.tools.macosx_11.0.0.201905131304/tools/bin/../lib/gcc/arm-none-eabi/8.2.1/../../../../arm-none-eabi/lib/thumb/v7e-m+fp/hard/libcr_semihost_nf.a(__sys_flen.o)
                0x0000000000005950                __sys_flen
 .text.__sys_istty
                0x000000000000595c        0xc /Applications/MCUXpressoIDE_11.0.0_2516/ide/plugins/com.nxp.mcuxpresso.tools.macosx_11.0.0.201905131304/tools/bin/../lib/gcc/arm-none-eabi/8.2.1/../../../../arm-none-eabi/lib/thumb/v7e-m+fp/hard/libcr_semihost_nf.a(__sys_istty.o)
                0x000000000000595c                __sys_istty
 .text.__sys_remove
                0x0000000000005968        0xc /Applications/MCUXpressoIDE_11.0.0_2516/ide/plugins/com.nxp.mcuxpresso.tools.macosx_11.0.0.201905131304/tools/bin/../lib/gcc/arm-none-eabi/8.2.1/../../../../arm-none-eabi/lib/thumb/v7e-m+fp/hard/libcr_semihost_nf.a(__sys_remove.o)
                0x0000000000005968                __sys_remove
 .text.__sys_seek
                0x0000000000005974        0xc /Applications/MCUXpressoIDE_11.0.0_2516/ide/plugins/com.nxp.mcuxpresso.tools.macosx_11.0.0.201905131304/tools/bin/../lib/gcc/arm-none-eabi/8.2.1/../../../../arm-none-eabi/lib/thumb/v7e-m+fp/hard/libcr_semihost_nf.a(__sys_seek.o)
                0x0000000000005974                __sys_seek
 .text.__sys_tmpnam
                0x0000000000005980        0xc /Applications/MCUXpressoIDE_11.0.0_2516/ide/plugins/com.nxp.mcuxpresso.tools.macosx_11.0.0.201905131304/tools/bin/../lib/gcc/arm-none-eabi/8.2.1/../../../../arm-none-eabi/lib/thumb/v7e-m+fp/hard/libcr_semihost_nf.a(__sys_tmpnam.o)
                0x0000000000005980                __sys_tmpnam
 .text.__sys_write
                0x000000000000598c        0xc /Applications/MCUXpressoIDE_11.0.0_2516/ide/plugins/com.nxp.mcuxpresso.tools.macosx_11.0.0.201905131304/tools/bin/../lib/gcc/arm-none-eabi/8.2.1/../../../../arm-none-eabi/lib/thumb/v7e-m+fp/hard/libcr_semihost_nf.a(__sys_write.o)
                0x000000000000598c                __sys_write
 *(SORT_BY_ALIGNMENT(.rodata) SORT_BY_ALIGNMENT(.rodata.*) SORT_BY_ALIGNMENT(.constdata) SORT_BY_ALIGNMENT(.constdata.*))
 .rodata        0x0000000000005998      0x1b7 ./utilities/fsl_debug_console.o
 *fill*         0x0000000000005b4f        0x1 ff
 .rodata        0x0000000000005b50       0xe6 ./source/dspi_edma_b2b_transfer_master.o
 *fill*         0x0000000000005c36        0x2 ff
 .rodata        0x0000000000005c38      0x2a1 ./drivers/fsl_clock.o
 *fill*         0x0000000000005ed9        0x3 ff
 .rodata.fllFactorTable.8252
                0x0000000000005edc       0x10 ./drivers/fsl_clock.o
 .rodata        0x0000000000005eec       0x42 ./drivers/fsl_dmamux.o
 *fill*         0x0000000000005f2e        0x2 ff
 .rodata.s_baudratePrescaler
                0x0000000000005f30       0x10 ./drivers/fsl_dspi.o
 .rodata.s_baudrateScaler
                0x0000000000005f40       0x40 ./drivers/fsl_dspi.o
 .rodata.s_delayPrescaler
                0x0000000000005f80       0x10 ./drivers/fsl_dspi.o
 .rodata.s_delayScaler
                0x0000000000005f90       0x40 ./drivers/fsl_dspi.o
 .rodata.s_dspiBases
                0x0000000000005fd0        0xc ./drivers/fsl_dspi.o
 .rodata.s_dspiClock
                0x0000000000005fdc        0xc ./drivers/fsl_dspi.o
 .rodata        0x0000000000005fe8      0x509 ./drivers/fsl_dspi.o
 *fill*         0x00000000000064f1        0x3 ff
 .rodata        0x00000000000064f4      0x4c1 ./drivers/fsl_dspi_edma.o
 *fill*         0x00000000000069b5        0x3 ff
 .rodata.s_edmaIRQNumber
                0x00000000000069b8       0x20 ./drivers/fsl_edma.o
 .rodata        0x00000000000069d8      0xbf0 ./drivers/fsl_edma.o
 .rodata.s_uartBases
                0x00000000000075c8       0x14 ./drivers/fsl_uart.o
 .rodata.s_uartClock
                0x00000000000075dc       0x14 ./drivers/fsl_uart.o
 .rodata        0x00000000000075f0      0x514 ./drivers/fsl_uart.o
 .rodata.s_UartAdapterBase
                0x0000000000007b04       0x14 ./component/uart/uart_adapter.o
 .rodata        0x0000000000007b18      0x25e ./component/uart/uart_adapter.o
 *fill*         0x0000000000007d76        0x2 ff
 .rodata        0x0000000000007d78      0x521 ./component/serial_manager/serial_manager.o
 *fill*         0x0000000000008299        0x3 ff
 .rodata        0x000000000000829c      0x244 ./component/serial_manager/serial_port_uart.o
 .rodata.mcgConfig_BOARD_BootClockRUN
                0x00000000000084e0        0xc ./board/clock_config.o
                0x00000000000084e0                mcgConfig_BOARD_BootClockRUN
 .rodata.simConfig_BOARD_BootClockRUN
                0x00000000000084ec        0x8 ./board/clock_config.o
                0x00000000000084ec                simConfig_BOARD_BootClockRUN
 .rodata.oscConfig_BOARD_BootClockRUN
                0x00000000000084f4        0x8 ./board/clock_config.o
                0x00000000000084f4                oscConfig_BOARD_BootClockRUN
 .rodata.__num_Ciob_streams
                0x00000000000084fc        0x4 /Applications/MCUXpressoIDE_11.0.0_2516/ide/plugins/com.nxp.mcuxpresso.tools.macosx_11.0.0.201905131304/tools/bin/../lib/gcc/arm-none-eabi/8.2.1/../../../../arm-none-eabi/lib/thumb/v7e-m+fp/hard/libcr_semihost_nf.a(__ciob.o)
                0x00000000000084fc                __num_Ciob_streams
 .rodata.__assertion_failed.str1.1
                0x0000000000008500       0x15 /Applications/MCUXpressoIDE_11.0.0_2516/ide/plugins/com.nxp.mcuxpresso.tools.macosx_11.0.0.201905131304/tools/bin/../lib/gcc/arm-none-eabi/8.2.1/../../../../arm-none-eabi/lib/thumb/v7e-m+fp/hard/libcr_semihost_nf.a(_cr_assert.o)
 .rodata._Csys_alloc.str1.1
                0x0000000000008515       0x18 /Applications/MCUXpressoIDE_11.0.0_2516/ide/plugins/com.nxp.mcuxpresso.tools.macosx_11.0.0.201905131304/tools/bin/../lib/gcc/arm-none-eabi/8.2.1/../../../../arm-none-eabi/lib/thumb/v7e-m+fp/hard/libcr_c.a(alloc.o)
 .rodata._initio.str1.1
                0x000000000000852d        0x4 /Applications/MCUXpressoIDE_11.0.0_2516/ide/plugins/com.nxp.mcuxpresso.tools.macosx_11.0.0.201905131304/tools/bin/../lib/gcc/arm-none-eabi/8.2.1/../../../../arm-none-eabi/lib/thumb/v7e-m+fp/hard/libcr_c.a(initio.o)
 .rodata.__vfprintf.str1.1
                0x0000000000008531       0x35 /Applications/MCUXpressoIDE_11.0.0_2516/ide/plugins/com.nxp.mcuxpresso.tools.macosx_11.0.0.201905131304/tools/bin/../lib/gcc/arm-none-eabi/8.2.1/../../../../arm-none-eabi/lib/thumb/v7e-m+fp/hard/libcr_c.a(printf.o)
                                         0x38 (size before relaxing)
                0x0000000000008568                . = ALIGN (0x8)
 *fill*         0x0000000000008566        0x2 ff

.glue_7         0x0000000000008568        0x0
 .glue_7        0x0000000000008568        0x0 linker stubs

.glue_7t        0x0000000000008568        0x0
 .glue_7t       0x0000000000008568        0x0 linker stubs

.vfp11_veneer   0x0000000000008568        0x0
 .vfp11_veneer  0x0000000000008568        0x0 linker stubs

.v4_bx          0x0000000000008568        0x0
 .v4_bx         0x0000000000008568        0x0 linker stubs

.iplt           0x0000000000008568        0x0
 .iplt          0x0000000000008568        0x0 ./utilities/fsl_debug_console.o

.rel.dyn        0x0000000000008568        0x0
 .rel.iplt      0x0000000000008568        0x0 ./utilities/fsl_debug_console.o

.ARM.extab
 *(SORT_BY_ALIGNMENT(.ARM.extab*) SORT_BY_ALIGNMENT(.gnu.linkonce.armextab.*))
                0x0000000000008568                __exidx_start = .

.ARM.exidx
 *(SORT_BY_ALIGNMENT(.ARM.exidx*) SORT_BY_ALIGNMENT(.gnu.linkonce.armexidx.*))
                0x0000000000008568                __exidx_end = .
                0x0000000000008568                _etext = .

.m_usb_data
 *(SORT_BY_ALIGNMENT(m_usb_bdt))

.data_RAM2      0x000000001fff0000        0x0 load address 0x0000000000008568
 FILL mask 0xff
                [!provide]                        PROVIDE (__start_data_RAM2 = .)
 *(SORT_BY_ALIGNMENT(.ramfunc.$RAM2))
 *(SORT_BY_ALIGNMENT(.ramfunc.$SRAM_LOWER))
 *(SORT_BY_ALIGNMENT(NonCacheable.init))
 *(SORT_BY_ALIGNMENT(.data.$RAM2))
 *(SORT_BY_ALIGNMENT(.data.$SRAM_LOWER))
 *(SORT_BY_ALIGNMENT(.data.$RAM2.*))
 *(SORT_BY_ALIGNMENT(.data.$SRAM_LOWER.*))
                0x000000001fff0000                . = ALIGN (0x8)
                [!provide]                        PROVIDE (__end_data_RAM2 = .)

.data_RAM3      0x0000000014000000        0x0 load address 0x0000000000008568
 FILL mask 0xff
                [!provide]                        PROVIDE (__start_data_RAM3 = .)
 *(SORT_BY_ALIGNMENT(.ramfunc.$RAM3))
 *(SORT_BY_ALIGNMENT(.ramfunc.$FLEX_RAM))
 *(SORT_BY_ALIGNMENT(.data.$RAM3))
 *(SORT_BY_ALIGNMENT(.data.$FLEX_RAM))
 *(SORT_BY_ALIGNMENT(.data.$RAM3.*))
 *(SORT_BY_ALIGNMENT(.data.$FLEX_RAM.*))
                0x0000000014000000                . = ALIGN (0x8)
                [!provide]                        PROVIDE (__end_data_RAM3 = .)

.uninit_RESERVED
                0x0000000020000000        0x0
                0x0000000020000000                . = ALIGN (0x8)
 *(SORT_BY_ALIGNMENT(.bss.$RESERVED*))
                0x0000000020000000                . = ALIGN (0x8)
                0x0000000020000000                _end_uninit_RESERVED = .

.data           0x0000000020000000       0x10 load address 0x0000000000008568
 FILL mask 0xff
                0x0000000020000000                _data = .
 *(SORT_BY_ALIGNMENT(vtable))
 *(SORT_BY_ALIGNMENT(.ramfunc*))
 *(SORT_BY_ALIGNMENT(.data*))
 .data.s_slowIrcFreq
                0x0000000020000000        0x4 ./drivers/fsl_clock.o
 .data.s_fastIrcFreq
                0x0000000020000004        0x4 ./drivers/fsl_clock.o
 .data.SystemCoreClock
                0x0000000020000008        0x4 ./device/system_MK66F18.o
                0x0000000020000008                SystemCoreClock
                0x0000000020000010                . = ALIGN (0x8)
 *fill*         0x000000002000000c        0x4 ff
                0x0000000020000010                _edata = .

.igot.plt       0x0000000020000010        0x0 load address 0x0000000000008578
 .igot.plt      0x0000000020000010        0x0 ./utilities/fsl_debug_console.o

.bss_RAM2       0x000000001fff0000        0x0
                0x000000001fff0000                . = ALIGN (0x8)
                [!provide]                        PROVIDE (__start_bss_RAM2 = .)
 *(SORT_BY_ALIGNMENT(NonCacheable))
 *(SORT_BY_ALIGNMENT(.bss.$RAM2))
 *(SORT_BY_ALIGNMENT(.bss.$SRAM_LOWER))
 *(SORT_BY_ALIGNMENT(.bss.$RAM2.*))
 *(SORT_BY_ALIGNMENT(.bss.$SRAM_LOWER.*))
                0x000000001fff0000                . = ALIGN ((. != 0x0)?0x8:0x1)
                [!provide]                        PROVIDE (__end_bss_RAM2 = .)

.bss_RAM3       0x0000000014000000        0x0
                0x0000000014000000                . = ALIGN (0x8)
                [!provide]                        PROVIDE (__start_bss_RAM3 = .)
 *(SORT_BY_ALIGNMENT(.bss.$RAM3))
 *(SORT_BY_ALIGNMENT(.bss.$FLEX_RAM))
 *(SORT_BY_ALIGNMENT(.bss.$RAM3.*))
 *(SORT_BY_ALIGNMENT(.bss.$FLEX_RAM.*))
                0x0000000014000000                . = ALIGN ((. != 0x0)?0x8:0x1)
                [!provide]                        PROVIDE (__end_bss_RAM3 = .)

.bss            0x0000000020000010     0x4ed0
                0x0000000020000010                . = ALIGN (0x8)
                0x0000000020000010                _bss = .
 *(SORT_BY_ALIGNMENT(.bss*))
 .bss.s_debugConsoleState
                0x0000000020000010       0x1c ./utilities/fsl_debug_console.o
 .bss.g_serialHandle
                0x000000002000002c        0x4 ./utilities/fsl_debug_console.o
                0x000000002000002c                g_serialHandle
 .bss.g_dspi_edma_m_handle
                0x0000000020000030       0x80 ./source/dspi_edma_b2b_transfer_master.o
                0x0000000020000030                g_dspi_edma_m_handle
 .bss.dspiEdmaMasterRxRegToRxDataHandle
                0x00000000200000b0       0x18 ./source/dspi_edma_b2b_transfer_master.o
                0x00000000200000b0                dspiEdmaMasterRxRegToRxDataHandle
 .bss.dspiEdmaMasterTxDataToIntermediaryHandle
                0x00000000200000c8       0x18 ./source/dspi_edma_b2b_transfer_master.o
                0x00000000200000c8                dspiEdmaMasterTxDataToIntermediaryHandle
 .bss.dspiEdmaMasterIntermediaryToTxRegHandle
                0x00000000200000e0       0x18 ./source/dspi_edma_b2b_transfer_master.o
                0x00000000200000e0                dspiEdmaMasterIntermediaryToTxRegHandle
 .bss.g_systickCounter
                0x00000000200000f8        0x4 ./source/dspi_edma_b2b_transfer_master.o
                0x00000000200000f8                g_systickCounter
 .bss.leds      0x00000000200000fc     0x4c30 ./source/dspi_edma_b2b_transfer_master.o
                0x00000000200000fc                leds
 .bss.masterXfer
                0x0000000020004d2c       0x10 ./source/dspi_edma_b2b_transfer_master.o
                0x0000000020004d2c                masterXfer
 .bss.s_extPllFreq
                0x0000000020004d3c        0x4 ./drivers/fsl_clock.o
 .bss.g_xtal0Freq
                0x0000000020004d40        0x4 ./drivers/fsl_clock.o
                0x0000000020004d40                g_xtal0Freq
 .bss.g_xtal32Freq
                0x0000000020004d44        0x4 ./drivers/fsl_clock.o
                0x0000000020004d44                g_xtal32Freq
 .bss.g_dspiHandle
                0x0000000020004d48        0xc ./drivers/fsl_dspi.o
 .bss.s_dspiMasterIsr
                0x0000000020004d54        0x4 ./drivers/fsl_dspi.o
 .bss.s_dspiSlaveIsr
                0x0000000020004d58        0x4 ./drivers/fsl_dspi.o
 .bss.g_dspiDummyData
                0x0000000020004d5c        0x3 ./drivers/fsl_dspi.o
                0x0000000020004d5c                g_dspiDummyData
 *fill*         0x0000000020004d5f        0x1 
 .bss.s_dspiMasterEdmaPrivateHandle
                0x0000000020004d60       0x18 ./drivers/fsl_dspi_edma.o
 .bss.s_EDMAHandle
                0x0000000020004d78       0x80 ./drivers/fsl_edma.o
 .bss.s_lpuartHandle
                0x0000000020004df8        0x4 ./drivers/fsl_lpuart.o
 .bss.s_lpuartIsr
                0x0000000020004dfc        0x4 ./drivers/fsl_lpuart.o
 .bss.s_uartHandle
                0x0000000020004e00       0x14 ./drivers/fsl_uart.o
 .bss.s_uartIsr
                0x0000000020004e14        0x4 ./drivers/fsl_uart.o
 .bss.__Ciob    0x0000000020004e18       0xb4 /Applications/MCUXpressoIDE_11.0.0_2516/ide/plugins/com.nxp.mcuxpresso.tools.macosx_11.0.0.201905131304/tools/bin/../lib/gcc/arm-none-eabi/8.2.1/../../../../arm-none-eabi/lib/thumb/v7e-m+fp/hard/libcr_semihost_nf.a(__ciob.o)
                0x0000000020004e18                __Ciob
 .bss.__end_of_heap
                0x0000000020004ecc        0x4 /Applications/MCUXpressoIDE_11.0.0_2516/ide/plugins/com.nxp.mcuxpresso.tools.macosx_11.0.0.201905131304/tools/bin/../lib/gcc/arm-none-eabi/8.2.1/../../../../arm-none-eabi/lib/thumb/v7e-m+fp/hard/libcr_c.a(__init_alloc.o)
                0x0000000020004ecc                __end_of_heap
 .bss.__heaps   0x0000000020004ed0        0x4 /Applications/MCUXpressoIDE_11.0.0_2516/ide/plugins/com.nxp.mcuxpresso.tools.macosx_11.0.0.201905131304/tools/bin/../lib/gcc/arm-none-eabi/8.2.1/../../../../arm-none-eabi/lib/thumb/v7e-m+fp/hard/libcr_c.a(__init_alloc.o)
                0x0000000020004ed0                __heaps
 .bss.errno     0x0000000020004ed4        0x4 /Applications/MCUXpressoIDE_11.0.0_2516/ide/plugins/com.nxp.mcuxpresso.tools.macosx_11.0.0.201905131304/tools/bin/../lib/gcc/arm-none-eabi/8.2.1/../../../../arm-none-eabi/lib/thumb/v7e-m+fp/hard/libcr_c.a(errno.o)
                0x0000000020004ed4                errno
 .bss.StartInstanceNum.8467
                0x0000000020004ed8        0x1 ./drivers/fsl_edma.o
 *(SORT_BY_ALIGNMENT(COMMON))
                0x0000000020004ee0                . = ALIGN (0x8)
 *fill*         0x0000000020004ed9        0x7 
                0x0000000020004ee0                _ebss = .
                [!provide]                        PROVIDE (end = .)

.noinit_RAM2    0x000000001fff0000        0x0
                0x000000001fff0000                . = ALIGN (0x8)
 *(SORT_BY_ALIGNMENT(.noinit.$RAM2))
 *(SORT_BY_ALIGNMENT(.noinit.$SRAM_LOWER))
 *(SORT_BY_ALIGNMENT(.noinit.$RAM2.*))
 *(SORT_BY_ALIGNMENT(.noinit.$SRAM_LOWER.*))
                0x000000001fff0000                . = ALIGN (0x8)

.noinit_RAM3    0x0000000014000000        0x0
                0x0000000014000000                . = ALIGN (0x8)
 *(SORT_BY_ALIGNMENT(.noinit.$RAM3))
 *(SORT_BY_ALIGNMENT(.noinit.$FLEX_RAM))
 *(SORT_BY_ALIGNMENT(.noinit.$RAM3.*))
 *(SORT_BY_ALIGNMENT(.noinit.$FLEX_RAM.*))
                0x0000000014000000                . = ALIGN (0x8)

.noinit         0x0000000020004ee0        0x0
                0x0000000020004ee0                . = ALIGN (0x8)
                0x0000000020004ee0                _noinit = .
 *(SORT_BY_ALIGNMENT(.noinit*))
                0x0000000020004ee0                . = ALIGN (0x8)
                0x0000000020004ee0                _end_noinit = .
                0x0000000000001000                _HeapSize = 0x1000

.heap           0x0000000020004ee0     0x1000
                0x0000000020004ee0                _pvHeapStart = .
                0x0000000020005ee0                . = (. + _HeapSize)
 *fill*         0x0000000020004ee0     0x1000 
                0x0000000020005ee0                . = ALIGN (0x8)
                0x0000000020005ee0                _pvHeapLimit = .
                0x0000000000001000                _StackSize = 0x1000

.heap2stackfill
                0x0000000020005ee0     0x1000
                0x0000000020006ee0                . = (. + _StackSize)
 *fill*         0x0000000020005ee0     0x1000 

.stack          0x000000002002f000        0x0
                0x000000002002f000                _vStackBase = .
                0x000000002002f000                . = ALIGN (0x8)
                0x0000000020030000                _vStackTop = (. + _StackSize)
                0x0000000000000000                _image_start = LOADADDR (.text)
                0x0000000000008578                _image_end = (LOADADDR (.data) + SIZEOF (.data))
                0x0000000000008578                _image_size = (_image_end - _image_start)
OUTPUT(frdmk66f_dspi_edma_b2b_transfer_master.axf elf32-littlearm)

.debug_info     0x0000000000000000    0x14375
 .debug_info    0x0000000000000000      0x8d2 ./utilities/fsl_debug_console.o
 .debug_info    0x00000000000008d2      0xa38 ./startup/startup_mk66f18.o
 .debug_info    0x000000000000130a     0x223f ./source/dspi_edma_b2b_transfer_master.o
 .debug_info    0x0000000000003549       0x3c ./source/semihost_hardfault.o
 .debug_info    0x0000000000003585     0x2806 ./drivers/fsl_clock.o
 .debug_info    0x0000000000005d8b      0x6fc ./drivers/fsl_dmamux.o
 .debug_info    0x0000000000006487     0x2593 ./drivers/fsl_dspi.o
 .debug_info    0x0000000000008a1a     0x1c37 ./drivers/fsl_dspi_edma.o
 .debug_info    0x000000000000a651     0x2a27 ./drivers/fsl_edma.o
 .debug_info    0x000000000000d078     0x1a56 ./drivers/fsl_lpuart.o
 .debug_info    0x000000000000eace     0x1c98 ./drivers/fsl_uart.o
 .debug_info    0x0000000000010766      0xa95 ./device/system_MK66F18.o
 .debug_info    0x00000000000111fb      0xaac ./component/uart/uart_adapter.o
 .debug_info    0x0000000000011ca7      0x75f ./component/serial_manager/serial_manager.o
 .debug_info    0x0000000000012406      0x4fc ./component/serial_manager/serial_port_uart.o
 .debug_info    0x0000000000012902      0x633 ./board/board.o
 .debug_info    0x0000000000012f35      0xd2d ./board/clock_config.o
 .debug_info    0x0000000000013c62      0x713 ./board/pin_mux.o

.debug_abbrev   0x0000000000000000     0x2803
 .debug_abbrev  0x0000000000000000      0x1ba ./utilities/fsl_debug_console.o
 .debug_abbrev  0x00000000000001ba      0x17a ./startup/startup_mk66f18.o
 .debug_abbrev  0x0000000000000334      0x353 ./source/dspi_edma_b2b_transfer_master.o
 .debug_abbrev  0x0000000000000687       0x31 ./source/semihost_hardfault.o
 .debug_abbrev  0x00000000000006b8      0x352 ./drivers/fsl_clock.o
 .debug_abbrev  0x0000000000000a0a      0x1b0 ./drivers/fsl_dmamux.o
 .debug_abbrev  0x0000000000000bba      0x386 ./drivers/fsl_dspi.o
 .debug_abbrev  0x0000000000000f40      0x306 ./drivers/fsl_dspi_edma.o
 .debug_abbrev  0x0000000000001246      0x3ea ./drivers/fsl_edma.o
 .debug_abbrev  0x0000000000001630      0x30d ./drivers/fsl_lpuart.o
 .debug_abbrev  0x000000000000193d      0x345 ./drivers/fsl_uart.o
 .debug_abbrev  0x0000000000001c82      0x170 ./device/system_MK66F18.o
 .debug_abbrev  0x0000000000001df2      0x1e8 ./component/uart/uart_adapter.o
 .debug_abbrev  0x0000000000001fda      0x17d ./component/serial_manager/serial_manager.o
 .debug_abbrev  0x0000000000002157      0x160 ./component/serial_manager/serial_port_uart.o
 .debug_abbrev  0x00000000000022b7      0x159 ./board/board.o
 .debug_abbrev  0x0000000000002410      0x238 ./board/clock_config.o
 .debug_abbrev  0x0000000000002648      0x1bb ./board/pin_mux.o

.debug_aranges  0x0000000000000000     0x1148
 .debug_aranges
                0x0000000000000000       0x50 ./utilities/fsl_debug_console.o
 .debug_aranges
                0x0000000000000050      0x3a0 ./startup/startup_mk66f18.o
 .debug_aranges
                0x00000000000003f0       0x68 ./source/dspi_edma_b2b_transfer_master.o
 .debug_aranges
                0x0000000000000458       0x20 ./source/semihost_hardfault.o
 .debug_aranges
                0x0000000000000478      0x248 ./drivers/fsl_clock.o
 .debug_aranges
                0x00000000000006c0       0x40 ./drivers/fsl_dmamux.o
 .debug_aranges
                0x0000000000000700      0x1d0 ./drivers/fsl_dspi.o
 .debug_aranges
                0x00000000000008d0       0xd0 ./drivers/fsl_dspi_edma.o
 .debug_aranges
                0x00000000000009a0      0x350 ./drivers/fsl_edma.o
 .debug_aranges
                0x0000000000000cf0      0x118 ./drivers/fsl_lpuart.o
 .debug_aranges
                0x0000000000000e08      0x160 ./drivers/fsl_uart.o
 .debug_aranges
                0x0000000000000f68       0x30 ./device/system_MK66F18.o
 .debug_aranges
                0x0000000000000f98       0x40 ./component/uart/uart_adapter.o
 .debug_aranges
                0x0000000000000fd8       0x88 ./component/serial_manager/serial_manager.o
 .debug_aranges
                0x0000000000001060       0x38 ./component/serial_manager/serial_port_uart.o
 .debug_aranges
                0x0000000000001098       0x20 ./board/board.o
 .debug_aranges
                0x00000000000010b8       0x60 ./board/clock_config.o
 .debug_aranges
                0x0000000000001118       0x30 ./board/pin_mux.o

.debug_ranges   0x0000000000000000     0x1028
 .debug_ranges  0x0000000000000000       0x40 ./utilities/fsl_debug_console.o
 .debug_ranges  0x0000000000000040      0x390 ./startup/startup_mk66f18.o
 .debug_ranges  0x00000000000003d0       0x58 ./source/dspi_edma_b2b_transfer_master.o
 .debug_ranges  0x0000000000000428       0x10 ./source/semihost_hardfault.o
 .debug_ranges  0x0000000000000438      0x238 ./drivers/fsl_clock.o
 .debug_ranges  0x0000000000000670       0x30 ./drivers/fsl_dmamux.o
 .debug_ranges  0x00000000000006a0      0x1c0 ./drivers/fsl_dspi.o
 .debug_ranges  0x0000000000000860       0xc0 ./drivers/fsl_dspi_edma.o
 .debug_ranges  0x0000000000000920      0x340 ./drivers/fsl_edma.o
 .debug_ranges  0x0000000000000c60      0x108 ./drivers/fsl_lpuart.o
 .debug_ranges  0x0000000000000d68      0x150 ./drivers/fsl_uart.o
 .debug_ranges  0x0000000000000eb8       0x20 ./device/system_MK66F18.o
 .debug_ranges  0x0000000000000ed8       0x30 ./component/uart/uart_adapter.o
 .debug_ranges  0x0000000000000f08       0x78 ./component/serial_manager/serial_manager.o
 .debug_ranges  0x0000000000000f80       0x28 ./component/serial_manager/serial_port_uart.o
 .debug_ranges  0x0000000000000fa8       0x10 ./board/board.o
 .debug_ranges  0x0000000000000fb8       0x50 ./board/clock_config.o
 .debug_ranges  0x0000000000001008       0x20 ./board/pin_mux.o

.debug_macro    0x0000000000000000     0x183e
 .debug_macro   0x0000000000000000      0x183 ./utilities/fsl_debug_console.o
 .debug_macro   0x0000000000000183       0x16 ./utilities/fsl_debug_console.o
 .debug_macro   0x0000000000000199       0x10 ./utilities/fsl_debug_console.o
 .debug_macro   0x00000000000001a9       0x28 ./utilities/fsl_debug_console.o
 .debug_macro   0x00000000000001d1       0x54 ./utilities/fsl_debug_console.o
 .debug_macro   0x0000000000000225       0x16 ./utilities/fsl_debug_console.o
 .debug_macro   0x000000000000023b       0x1c ./utilities/fsl_debug_console.o
 .debug_macro   0x0000000000000257       0x29 ./startup/startup_mk66f18.o
 .debug_macro   0x0000000000000280      0x1fb ./source/dspi_edma_b2b_transfer_master.o
 .debug_macro   0x000000000000047b       0x40 ./source/dspi_edma_b2b_transfer_master.o
 .debug_macro   0x00000000000004bb       0x22 ./source/dspi_edma_b2b_transfer_master.o
 .debug_macro   0x00000000000004dd       0x10 ./source/dspi_edma_b2b_transfer_master.o
 .debug_macro   0x00000000000004ed       0x16 ./source/dspi_edma_b2b_transfer_master.o
 .debug_macro   0x0000000000000503      0x287 ./source/dspi_edma_b2b_transfer_master.o
 .debug_macro   0x000000000000078a       0x1c ./source/dspi_edma_b2b_transfer_master.o
 .debug_macro   0x00000000000007a6       0x10 ./source/dspi_edma_b2b_transfer_master.o
 .debug_macro   0x00000000000007b6       0x10 ./source/dspi_edma_b2b_transfer_master.o
 .debug_macro   0x00000000000007c6       0x11 ./source/semihost_hardfault.o
 .debug_macro   0x00000000000007d7      0x1cb ./drivers/fsl_clock.o
 .debug_macro   0x00000000000009a2      0x109 ./drivers/fsl_dmamux.o
 .debug_macro   0x0000000000000aab      0x108 ./drivers/fsl_dspi.o
 .debug_macro   0x0000000000000bb3       0x3a ./drivers/fsl_dspi.o
 .debug_macro   0x0000000000000bed      0x121 ./drivers/fsl_dspi_edma.o
 .debug_macro   0x0000000000000d0e      0x10e ./drivers/fsl_edma.o
 .debug_macro   0x0000000000000e1c       0x16 ./drivers/fsl_edma.o
 .debug_macro   0x0000000000000e32      0x109 ./drivers/fsl_lpuart.o
 .debug_macro   0x0000000000000f3b      0x10f ./drivers/fsl_uart.o
 .debug_macro   0x000000000000104a       0x98 ./device/system_MK66F18.o
 .debug_macro   0x00000000000010e2      0x105 ./component/uart/uart_adapter.o
 .debug_macro   0x00000000000011e7       0x10 ./component/uart/uart_adapter.o
 .debug_macro   0x00000000000011f7       0x1c ./component/uart/uart_adapter.o
 .debug_macro   0x0000000000001213      0x122 ./component/serial_manager/serial_manager.o
 .debug_macro   0x0000000000001335      0x113 ./component/serial_manager/serial_port_uart.o
 .debug_macro   0x0000000000001448       0x1c ./component/serial_manager/serial_port_uart.o
 .debug_macro   0x0000000000001464      0x167 ./board/board.o
 .debug_macro   0x00000000000015cb       0x1c ./board/board.o
 .debug_macro   0x00000000000015e7      0x152 ./board/clock_config.o
 .debug_macro   0x0000000000001739      0x105 ./board/pin_mux.o

.debug_line     0x0000000000000000     0xac14
 .debug_line    0x0000000000000000      0x4ec ./utilities/fsl_debug_console.o
 .debug_line    0x00000000000004ec      0xa5e ./startup/startup_mk66f18.o
 .debug_line    0x0000000000000f4a      0x625 ./source/dspi_edma_b2b_transfer_master.o
 .debug_line    0x000000000000156f       0x5a ./source/semihost_hardfault.o
 .debug_line    0x00000000000015c9     0x1773 ./drivers/fsl_clock.o
 .debug_line    0x0000000000002d3c      0x34b ./drivers/fsl_dmamux.o
 .debug_line    0x0000000000003087     0x174b ./drivers/fsl_dspi.o
 .debug_line    0x00000000000047d2      0xeb4 ./drivers/fsl_dspi_edma.o
 .debug_line    0x0000000000005686     0x1b79 ./drivers/fsl_edma.o
 .debug_line    0x00000000000071ff      0xd4c ./drivers/fsl_lpuart.o
 .debug_line    0x0000000000007f4b     0x111a ./drivers/fsl_uart.o
 .debug_line    0x0000000000009065      0x40b ./device/system_MK66F18.o
 .debug_line    0x0000000000009470      0x3e4 ./component/uart/uart_adapter.o
 .debug_line    0x0000000000009854      0x5ae ./component/serial_manager/serial_manager.o
 .debug_line    0x0000000000009e02      0x3e1 ./component/serial_manager/serial_port_uart.o
 .debug_line    0x000000000000a1e3      0x33c ./board/board.o
 .debug_line    0x000000000000a51f      0x3eb ./board/clock_config.o
 .debug_line    0x000000000000a90a      0x30a ./board/pin_mux.o

.debug_str      0x0000000000000000    0xbf9ed
 .debug_str     0x0000000000000000    0xb541c ./utilities/fsl_debug_console.o
                                      0xb5505 (size before relaxing)
 .debug_str     0x00000000000b541c      0x977 ./startup/startup_mk66f18.o
                                       0x3896 (size before relaxing)
 .debug_str     0x00000000000b5d93     0x367c ./source/dspi_edma_b2b_transfer_master.o
                                      0xb8408 (size before relaxing)
 .debug_str     0x00000000000b940f       0x1f ./source/semihost_hardfault.o
                                       0x2e9e (size before relaxing)
 .debug_str     0x00000000000b942e     0x1ef0 ./drivers/fsl_clock.o
                                      0xb6a42 (size before relaxing)
 .debug_str     0x00000000000bb31e       0x90 ./drivers/fsl_dmamux.o
                                      0xb493a (size before relaxing)
 .debug_str     0x00000000000bb3ae      0xc0f ./drivers/fsl_dspi.o
                                      0xb6414 (size before relaxing)
 .debug_str     0x00000000000bbfbd      0x727 ./drivers/fsl_dspi_edma.o
                                      0xb59a5 (size before relaxing)
 .debug_str     0x00000000000bc6e4      0xe36 ./drivers/fsl_edma.o
                                      0xb65ae (size before relaxing)
 .debug_str     0x00000000000bd51a      0xde4 ./drivers/fsl_lpuart.o
                                      0xb5e74 (size before relaxing)
 .debug_str     0x00000000000be2fe      0x93e ./drivers/fsl_uart.o
                                      0xb5e4f (size before relaxing)
 .debug_str     0x00000000000bec3c       0xbd ./device/system_MK66F18.o
                                      0xb30bf (size before relaxing)
 .debug_str     0x00000000000becf9      0x30b ./component/uart/uart_adapter.o
                                      0xb4bc7 (size before relaxing)
 .debug_str     0x00000000000bf004      0x36c ./component/serial_manager/serial_manager.o
                                      0xb4564 (size before relaxing)
 .debug_str     0x00000000000bf370       0xfc ./component/serial_manager/serial_port_uart.o
                                      0xb4611 (size before relaxing)
 .debug_str     0x00000000000bf46c       0x37 ./board/board.o
                                      0xb597c (size before relaxing)
 .debug_str     0x00000000000bf4a3      0x3e6 ./board/clock_config.o
                                      0xb4f88 (size before relaxing)
 .debug_str     0x00000000000bf889      0x164 ./board/pin_mux.o
                                      0xb43bd (size before relaxing)

.comment        0x0000000000000000       0x75
 .comment       0x0000000000000000       0x75 ./utilities/fsl_debug_console.o
                                         0x76 (size before relaxing)
 .comment       0x0000000000000075       0x76 ./startup/startup_mk66f18.o
 .comment       0x0000000000000075       0x76 ./source/dspi_edma_b2b_transfer_master.o
 .comment       0x0000000000000075       0x76 ./source/semihost_hardfault.o
 .comment       0x0000000000000075       0x76 ./drivers/fsl_clock.o
 .comment       0x0000000000000075       0x76 ./drivers/fsl_dmamux.o
 .comment       0x0000000000000075       0x76 ./drivers/fsl_dspi.o
 .comment       0x0000000000000075       0x76 ./drivers/fsl_dspi_edma.o
 .comment       0x0000000000000075       0x76 ./drivers/fsl_edma.o
 .comment       0x0000000000000075       0x76 ./drivers/fsl_lpuart.o
 .comment       0x0000000000000075       0x76 ./drivers/fsl_uart.o
 .comment       0x0000000000000075       0x76 ./device/system_MK66F18.o
 .comment       0x0000000000000075       0x76 ./component/uart/uart_adapter.o
 .comment       0x0000000000000075       0x76 ./component/serial_manager/serial_manager.o
 .comment       0x0000000000000075       0x76 ./component/serial_manager/serial_port_uart.o
 .comment       0x0000000000000075       0x76 ./board/board.o
 .comment       0x0000000000000075       0x76 ./board/clock_config.o
 .comment       0x0000000000000075       0x76 ./board/pin_mux.o
 .comment       0x0000000000000075       0x76 /Applications/MCUXpressoIDE_11.0.0_2516/ide/plugins/com.nxp.mcuxpresso.tools.macosx_11.0.0.201905131304/tools/bin/../lib/gcc/arm-none-eabi/8.2.1/../../../../arm-none-eabi/lib/thumb/v7e-m+fp/hard/libcr_semihost_nf.a(_cr__main.o)
 .comment       0x0000000000000075       0x76 /Applications/MCUXpressoIDE_11.0.0_2516/ide/plugins/com.nxp.mcuxpresso.tools.macosx_11.0.0.201905131304/tools/bin/../lib/gcc/arm-none-eabi/8.2.1/../../../../arm-none-eabi/lib/thumb/v7e-m+fp/hard/libcr_semihost_nf.a(_cr_assert.o)
 .comment       0x0000000000000075       0x76 /Applications/MCUXpressoIDE_11.0.0_2516/ide/plugins/com.nxp.mcuxpresso.tools.macosx_11.0.0.201905131304/tools/bin/../lib/gcc/arm-none-eabi/8.2.1/../../../../arm-none-eabi/lib/thumb/v7e-m+fp/hard/libcr_semihost_nf.a(__ciob.o)
 .comment       0x0000000000000075       0x76 /Applications/MCUXpressoIDE_11.0.0_2516/ide/plugins/com.nxp.mcuxpresso.tools.macosx_11.0.0.201905131304/tools/bin/../lib/gcc/arm-none-eabi/8.2.1/../../../../arm-none-eabi/lib/thumb/v7e-m+fp/hard/libcr_c.a(memset.o)
 .comment       0x0000000000000075       0x76 /Applications/MCUXpressoIDE_11.0.0_2516/ide/plugins/com.nxp.mcuxpresso.tools.macosx_11.0.0.201905131304/tools/bin/../lib/gcc/arm-none-eabi/8.2.1/../../../../arm-none-eabi/lib/thumb/v7e-m+fp/hard/libcr_c.a(_deferredlazyseek.o)
 .comment       0x0000000000000075       0x76 /Applications/MCUXpressoIDE_11.0.0_2516/ide/plugins/com.nxp.mcuxpresso.tools.macosx_11.0.0.201905131304/tools/bin/../lib/gcc/arm-none-eabi/8.2.1/../../../../arm-none-eabi/lib/thumb/v7e-m+fp/hard/libcr_c.a(_fflush.o)
 .comment       0x0000000000000075       0x76 /Applications/MCUXpressoIDE_11.0.0_2516/ide/plugins/com.nxp.mcuxpresso.tools.macosx_11.0.0.201905131304/tools/bin/../lib/gcc/arm-none-eabi/8.2.1/../../../../arm-none-eabi/lib/thumb/v7e-m+fp/hard/libcr_c.a(_writebuf.o)
 .comment       0x0000000000000075       0x76 /Applications/MCUXpressoIDE_11.0.0_2516/ide/plugins/com.nxp.mcuxpresso.tools.macosx_11.0.0.201905131304/tools/bin/../lib/gcc/arm-none-eabi/8.2.1/../../../../arm-none-eabi/lib/thumb/v7e-m+fp/hard/libcr_c.a(alloc.o)
 .comment       0x0000000000000075       0x76 /Applications/MCUXpressoIDE_11.0.0_2516/ide/plugins/com.nxp.mcuxpresso.tools.macosx_11.0.0.201905131304/tools/bin/../lib/gcc/arm-none-eabi/8.2.1/../../../../arm-none-eabi/lib/thumb/v7e-m+fp/hard/libcr_c.a(fputs.o)