fsl_clock.h:724:20:CLOCK_EnableClock	24	static
fsl_clock.h:735:20:CLOCK_DisableClock	24	static
fsl_clock.h:746:20:CLOCK_SetEr32kClock	16	static
fsl_clock.h:819:20:CLOCK_SetPllFllSelClock	24	static
fsl_clock.h:1361:20:OSC_SetExtRefClkConfig	24	static
fsl_clock.h:1389:20:OSC_SetCapLoad	24	static
fsl_clock.c:194:13:CLOCK_FllStableDelay	16	static
fsl_clock.c:214:17:CLOCK_GetMcgExtClkFreq	16	static
fsl_clock.c:241:17:CLOCK_GetFllExtRefClkFreq	16	static
fsl_clock.c:295:17:CLOCK_GetInternalRefClkSelectFreq	4	static
fsl_clock.c:309:17:CLOCK_GetFllRefClkFreq	8	static
fsl_clock.c:323:17:CLOCK_GetPll0RefFreq	8	static
fsl_clock.c:329:16:CLOCK_GetOscRangeFromFreq	24	static
fsl_clock.c:354:10:CLOCK_GetOsc0ErClkUndivFreq	8	static
fsl_clock.c:373:10:CLOCK_GetOsc0ErClkDivFreq	8	static
fsl_clock.c:392:10:CLOCK_GetEr32kClkFreq	16	static
fsl_clock.c:421:10:CLOCK_GetPllFllSelClkFreq	16	static
fsl_clock.c:453:10:CLOCK_GetOsc0ErClkFreq	8	static
fsl_clock.c:463:10:CLOCK_GetPlatClkFreq	8	static
fsl_clock.c:473:10:CLOCK_GetFlashClkFreq	8	static
fsl_clock.c:483:10:CLOCK_GetFlexBusClkFreq	8	static
fsl_clock.c:493:10:CLOCK_GetBusClkFreq	8	static
fsl_clock.c:503:10:CLOCK_GetCoreSysClkFreq	8	static
fsl_clock.c:518:10:CLOCK_GetFreq	24	static
fsl_clock.c:582:6:CLOCK_SetSimConfig	16	static
fsl_clock.c:596:6:CLOCK_EnableUsbfs0Clock	24	static
fsl_clock.c:654:6:CLOCK_EnableUsbhs0Clock	16	static
fsl_clock.c:675:6:CLOCK_DisableUsbhs0Clock	4	static
fsl_clock.c:690:6:CLOCK_EnableUsbhs0PhyPllClock	24	static
fsl_clock.c:752:6:CLOCK_DisableUsbhs0PhyPllClock	4	static
fsl_clock.c:773:6:CLOCK_EnableUsbhs0PfdClock	24	static
fsl_clock.c:809:6:CLOCK_DisableUsbhs0PfdClock	4	static
fsl_clock.c:823:10:CLOCK_GetOutClkFreq	24	static
fsl_clock.c:870:10:CLOCK_GetFllFreq	16	static
fsl_clock.c:904:10:CLOCK_GetInternalRefClkFreq	8	static
fsl_clock.c:923:10:CLOCK_GetFixedFreqClkFreq	16	static
fsl_clock.c:946:10:CLOCK_GetPll0Freq	16	static
fsl_clock.c:978:10:CLOCK_GetExtPllFreq	4	static
fsl_clock.c:993:6:CLOCK_SetExtPllFreq	16	static
fsl_clock.c:1010:10:CLOCK_SetExternalRefClkConfig	24	static
fsl_clock.c:1063:10:CLOCK_SetInternalRefClkConfig	24	static
fsl_clock.c:1126:10:CLOCK_CalcPllDiv	48	static
fsl_clock.c:1236:6:CLOCK_EnablePll0	24	static
fsl_clock.c:1264:6:CLOCK_SetPllClkSel	16	static
fsl_clock.c:1279:6:CLOCK_SetOsc0MonitorMode	16	static
fsl_clock.c:1309:6:CLOCK_SetRtcOscMonitorMode	24	static
fsl_clock.c:1333:6:CLOCK_SetPll0MonitorMode	24	static
fsl_clock.c:1371:6:CLOCK_SetExtPllMonitorMode	24	static
fsl_clock.c:1414:10:CLOCK_GetStatusFlags	16	static
fsl_clock.c:1462:6:CLOCK_ClearStatusFlags	24	static
fsl_clock.c:1493:6:CLOCK_InitOsc0	24	static
fsl_clock.c:1516:6:CLOCK_DeinitOsc0	4	static
fsl_clock.c:1540:10:CLOCK_TrimInternalRefClk	40	static
fsl_clock.c:1623:12:CLOCK_GetMode	32	static
fsl_clock.c:1738:10:CLOCK_SetFeiMode	24	static
fsl_clock.c:1813:10:CLOCK_SetFeeMode	24	static
fsl_clock.c:1907:10:CLOCK_SetFbiMode	24	static
fsl_clock.c:1986:10:CLOCK_SetFbeMode	24	static
fsl_clock.c:2078:10:CLOCK_SetBlpiMode	4	static
fsl_clock.c:2102:10:CLOCK_SetBlpeMode	4	static
fsl_clock.c:2136:10:CLOCK_SetPbeMode	16	static
fsl_clock.c:2199:10:CLOCK_SetPeeMode	4	static
fsl_clock.c:2236:10:CLOCK_ExternalModeToFbeModeQuick	4	static
fsl_clock.c:2278:10:CLOCK_InternalModeToFbiModeQuick	4	static
fsl_clock.c:2313:10:CLOCK_BootToFeiMode	16	static
fsl_clock.c:2333:10:CLOCK_BootToFeeMode	24	static
fsl_clock.c:2354:10:CLOCK_BootToBlpiMode	16	static
fsl_clock.c:2382:10:CLOCK_BootToBlpeMode	16	static
fsl_clock.c:2427:10:CLOCK_BootToPeeMode	16	static
fsl_clock.c:2491:10:CLOCK_SetMcgConfig	32	static
